{"name": "IntentParserCopy_of_YeastSTATES CRISPR Long Duration Time Series Request (20191208)", "experiment_id": "experiment.tacc.TBD", "challenge_problem": "INTENT_PARSER_TEST", "experiment_reference": "IntentParserCopy-of-YeastSTATES-CRISPR-Long-Duration-Time-Series-20191208", "experiment_reference_url": "https://docs.google.com/document/d/12S2lPHkvjiX97lTxIlAcWuGiemL7AqGbT4s8oNMX0vU", "experiment_version": 1, "lab": "Transcriptic", "runs": [{"measurements": [{"measurement_type": "PLATE_READER", "file_type": ["CSV"], "replicates": 3, "strains": ["UWBF_24926", "UWBF_24952", "UWBF_24959", "UWBF_24960", "UWBF_25784", "UWBF_24962", "UWBF_24963", "UWBF_24961"], "timepoints": [{"value": 0.0, "unit": "hour"}, {"value": 6.0, "unit": "hour"}, {"value": 12.0, "unit": "hour"}, {"value": 18.0, "unit": "hour"}, {"value": 24.0, "unit": "hour"}, {"value": 30.0, "unit": "hour"}, {"value": 36.0, "unit": "hour"}], "temperatures": [{"value": 30.0, "unit": "celsius"}], "contents": [[{"name": {"label": "beta-estradiol", "sbh_uri": "https://hub.sd2e.org/user/sd2e/design/beta0x2Destradiol/1"}, "value": "0", "unit": "mM"}, {"name": {"label": "beta-estradiol", "sbh_uri": "https://hub.sd2e.org/user/sd2e/design/beta0x2Destradiol/1"}, "value": "4e-06", "unit": "mM"}, {"name": {"label": "beta-estradiol", "sbh_uri": "https://hub.sd2e.org/user/sd2e/design/beta0x2Destradiol/1"}, "value": "1e-05", "unit": "mM"}, {"name": {"label": "beta-estradiol", "sbh_uri": "https://hub.sd2e.org/user/sd2e/design/beta0x2Destradiol/1"}, "value": "2.5e-05", "unit": "mM"}, {"name": {"label": "beta-estradiol", "sbh_uri": "https://hub.sd2e.org/user/sd2e/design/beta0x2Destradiol/1"}, "value": "4e-05", "unit": "mM"}, {"name": {"label": "beta-estradiol", "sbh_uri": "https://hub.sd2e.org/user/sd2e/design/beta0x2Destradiol/1"}, "value": "6e-05", "unit": "mM"}, {"name": {"label": "beta-estradiol", "sbh_uri": "https://hub.sd2e.org/user/sd2e/design/beta0x2Destradiol/1"}, "value": "8e-05", "unit": "mM"}, {"name": {"label": "beta-estradiol", "sbh_uri": "https://hub.sd2e.org/user/sd2e/design/beta0x2Destradiol/1"}, "value": "1e-04", "unit": "mM"}, {"name": {"label": "beta-estradiol", "sbh_uri": "https://hub.sd2e.org/user/sd2e/design/beta0x2Destradiol/1"}, "value": "2e-04", "unit": "mM"}, {"name": {"label": "beta-estradiol", "sbh_uri": "https://hub.sd2e.org/user/sd2e/design/beta0x2Destradiol/1"}, "value": "4e-04", "unit": "mM"}]]}, {"measurement_type": "FLOW", "file_type": ["FCS"], "replicates": 3, "strains": ["UWBF_24926", "UWBF_24952", "UWBF_24959", "UWBF_24960", "UWBF_25784", "UWBF_24962", "UWBF_24963", "UWBF_24961"], "timepoints": [{"value": 36.0, "unit": "hour"}], "temperatures": [{"value": 30.0, "unit": "celsius"}], "contents": [[{"name": {"label": "beta-estradiol", "sbh_uri": "https://hub.sd2e.org/user/sd2e/design/beta0x2Destradiol/1"}, "value": "0", "unit": "mM"}, {"name": {"label": "beta-estradiol", "sbh_uri": "https://hub.sd2e.org/user/sd2e/design/beta0x2Destradiol/1"}, "value": "4e-06", "unit": "mM"}, {"name": {"label": "beta-estradiol", "sbh_uri": "https://hub.sd2e.org/user/sd2e/design/beta0x2Destradiol/1"}, "value": "1e-05", "unit": "mM"}, {"name": {"label": "beta-estradiol", "sbh_uri": "https://hub.sd2e.org/user/sd2e/design/beta0x2Destradiol/1"}, "value": "2.5e-05", "unit": "mM"}, {"name": {"label": "beta-estradiol", "sbh_uri": "https://hub.sd2e.org/user/sd2e/design/beta0x2Destradiol/1"}, "value": "4e-05", "unit": "mM"}, {"name": {"label": "beta-estradiol", "sbh_uri": "https://hub.sd2e.org/user/sd2e/design/beta0x2Destradiol/1"}, "value": "6e-05", "unit": "mM"}, {"name": {"label": "beta-estradiol", "sbh_uri": "https://hub.sd2e.org/user/sd2e/design/beta0x2Destradiol/1"}, "value": "8e-05", "unit": "mM"}, {"name": {"label": "beta-estradiol", "sbh_uri": "https://hub.sd2e.org/user/sd2e/design/beta0x2Destradiol/1"}, "value": "1e-04", "unit": "mM"}, {"name": {"label": "beta-estradiol", "sbh_uri": "https://hub.sd2e.org/user/sd2e/design/beta0x2Destradiol/1"}, "value": "2e-04", "unit": "mM"}, {"name": {"label": "beta-estradiol", "sbh_uri": "https://hub.sd2e.org/user/sd2e/design/beta0x2Destradiol/1"}, "value": "4e-04", "unit": "mM"}]]}, {"measurement_type": "PLATE_READER", "file_type": ["CSV"], "replicates": 9, "strains": ["UWBF_6390", "UWBF_23970", "UWBF_24864", "UWBF_32302"], "timepoints": [{"value": 0.0, "unit": "hour"}, {"value": 6.0, "unit": "hour"}, {"value": 12.0, "unit": "hour"}, {"value": 18.0, "unit": "hour"}, {"value": 24.0, "unit": "hour"}, {"value": 30.0, "unit": "hour"}, {"value": 36.0, "unit": "hour"}], "temperatures": [{"value": 30.0, "unit": "celsius"}]}, {"measurement_type": "FLOW", "file_type": ["FCS"], "replicates": 9, "strains": ["UWBF_6390", "UWBF_23970", "UWBF_24864", "UWBF_32302"], "timepoints": [{"value": 36.0, "unit": "hour"}], "temperatures": [{"value": 30.0, "unit": "celsius"}]}, {"measurement_type": "CONDITION_SPACE", "file_type": ["CSV", "FCS"], "replicates": 20, "strains": ["UWBF_24926", "UWBF_24952", "UWBF_24959", "UWBF_24960", "UWBF_24961", "UWBF_24962", "UWBF_24963", "UWBF_22800", "UWBF_25784", "UWBF_6390", "UWBF_23970", "UWBF_24864"], "timepoints": [{"value": 0.0, "unit": "hour"}, {"value": 36.0, "unit": "hour"}], "temperatures": [{"value": 0.0, "unit": "celsius"}, {"value": 100.0, "unit": "celsius"}]}]}], "parameters": [{"inoc_info.inoc_vol": "10:microliter", "inoc_info.inoc_media_vol": "700:microliter", "inoc_info.inc_time_1": "16:hour", "inoc_info.inoculation_media": "sc_media", "incubation_info.shaking": "high_speed", "recovery_info.recovery_sample_vol": "50:microliter", "recovery_info.recovery_media_vol": "1000:microliter", "induction_info.induction_time.total_induction_time": "30:hour", "induction_info.induction_time.doubling_time": "2:hour", "induction_info.dil_volume": "1700:microliter", "induction_info.induction_reagents.media_vol": "300:microliter", "induction_info.induction_plate_info": "new-induction-plate", "read_info.sampling_info.read_cult_vol": "300:microliter", "plate_reader_info.fluor_ex": "488:nanometer", "plate_reader_info.fluor_em": "530:nanometer", "plate_reader_info.gain": 0.16}]}