{"name": "CP-Request-DB-Test", "experiment_id": "experiment.tacc.TBD", "challenge_problem": "INTENT_PARSER_TEST", "experiment_reference": "DB-Test", "experiment_reference_url": "https://docs.google.com/document/d/13tJ1JdCxL9bA9x3oNxGPm-LymW91-OT7SRW6fHyEBCo", "experiment_version": 1, "lab": "Transcriptic", "runs": [{"measurements": [{"measurement_type": "PLATE_READER", "file_type": ["CSV"], "replicates": 1, "strains": ["UWBF_XOR_11", "UWBF_OR_01", "UWBF_XNOR_00", "UWBF_AND_11", "UWBF_NAND_11", "UWBF_XOR_00", "UWBF_NAND_00", "UWBF_OR_11", "UWBF_NOR_01", "UWBF_NOR_00", "UWBF_NOR_11", "UWBF_XNOR_01", "UWBF_NAND_01", "UWBF_OR_10", "UWBF_AND_10", "UWBF_AND_00", "UWBF_XOR_01", "UWBF_NOR_10", "UWBF_XNOR_11", "UWBF_AND_01", "UWBF_XNOR_10", "UWBF_OR_00", "UWBF_NAND_10", "UWBF_XOR_10"], "timepoints": [{"value": 8.0, "unit": "unspecified"}, {"value": 18.0, "unit": "unspecified"}], "temperatures": [{"value": 30.0, "unit": "celsius"}, {"value": 37.0, "unit": "celsius"}], "contents": [[{"name": {"label": "media", "sbh_uri": "NO PROGRAM DICTIONARY ENTRY"}, "value": "Synthetic_Complete"}, {"name": {"label": "media", "sbh_uri": "NO PROGRAM DICTIONARY ENTRY"}, "value": "Yeast_Extract_Peptone_Adenine_Dextrose (a.k.a. YPAD Media)"}, {"name": {"label": "media", "sbh_uri": "NO PROGRAM DICTIONARY ENTRY"}, "value": "Synthetic_Complete_2%Glycerol_2%Ethanol"}, {"name": {"label": "media", "sbh_uri": "NO PROGRAM DICTIONARY ENTRY"}, "value": "SC+Glucose+Adenine+0.8M Sorbitol"}, {"name": {"label": "media", "sbh_uri": "NO PROGRAM DICTIONARY ENTRY"}, "value": "high_osm_media_five_percent"}], [{"name": {"label": "od", "sbh_uri": "NO PROGRAM DICTIONARY ENTRY"}, "value": "0.0", "unit": "unspecified"}, {"name": {"label": "od", "sbh_uri": "NO PROGRAM DICTIONARY ENTRY"}, "value": "2.0", "unit": "unspecified"}]]}]}]}