{"name": "[TEST] Playing with Intent Parser Request", "experiment_id": "experiment.tacc.TBD", "challenge_problem": "YEAST_STATES", "experiment_reference": "TEST-Playing-with-Intent-Parser", "experiment_reference_url": "https://docs.google.com/document/d/15aMX9WdN1gyvjG30sXQZYPdTSTGbxoIRJbqtOvoKyQ0", "experiment_version": 1, "lab": "UW_BIOFAB", "runs": [{"measurements": [{"measurement_type": "PLATE_READER", "file_type": ["CSV"], "replicates": 3, "strains": ["https://hub.sd2e.org/user/sd2e/design/CEN0x2EPK20x200x2D0x20MAT0x20A0x200x3A0x3A0x3A0x20pMOD4G0x2Ddcas90x2Dmxi10x200x7C0x20pMOD60x2DpGRR0x2Dr90x2DyeGFP0x20_X_0x20CEN0x2EPK20x200x2D0x20MAT0x20alpha0x200x3A0x3A0x3A0x20pMODKan0x2DHO0x2DpACT10x2DZEV40x200x7C0x20pMOD80x2DpGALZ40x2DURGR0x2Dr9/1", "https://hub.sd2e.org/user/sd2e/design/CEN0x2EPK20x200x2D0x20MAT0x20A0x200x3A0x3A0x3A0x20pMOD4G0x2Ddcas90x2Dmxi10x200x7C0x20pMOD60x2DpGRR0x2Dr70x2DyeGFP0x20_X_0x20CEN0x2EPK20x200x2D0x20MAT0x20alpha0x200x3A0x3A0x3A0x20pMODKan0x2DHO0x2DpACT10x2DZEV40x200x7C0x20pMOD80x2DpGALZ40x2DURGR0x2Dr7/1", "https://hub.sd2e.org/user/sd2e/design/CEN0x2EPK20x200x2D0x20MAT0x20A0x200x3A0x3A0x3A0x20pMOD4G0x2Ddcas90x2Dmxi10x200x7C0x20pMOD60x2DpGRR0x2Dr100x2DyeGFP0x20_X_0x20CEN0x2EPK20x200x2D0x20MAT0x20alpha0x200x3A0x3A0x3A0x20pMODKan0x2DHO0x2DpACT10x2DZEV40x200x7C0x20pMOD80x2DpGALZ40x2DURGR0x2Dr10/1", "https://hub.sd2e.org/user/sd2e/design/CEN0x2EPK20x200x2D0x20MAT0x20A0x200x3A0x3A0x3A0x20pMOD4G0x2Ddcas90x2Dmxi10x200x7C0x20pMOD60x2DpGRR0x2Dr50x2DyeGFP0x20_X_0x20CEN0x2EPK20x200x2D0x20MAT0x20alpha0x200x3A0x3A0x3A0x20pMODKan0x2DHO0x2DpACT10x2DZEV40x200x7C0x20pMOD80x2DpGALZ40x2DURGR0x2Dr5/1", "https://hub.sd2e.org/user/sd2e/design/CEN0x2EPK20x200x2D0x20MAT0x20A0x200x3A0x3A0x3A0x20pMOD4G0x2Ddcas90x2Dmxi10x200x7C0x20pMOD60x2DpGRR0x2Dr10x2DyeGFP0x20_X_0x20CEN0x2EPK20x200x2D0x20MAT0x20alpha0x200x3A0x3A0x3A0x20pMODKan0x2DHO0x2DpACT10x2DZEV40x200x7C0x20pMOD80x2DpGALZ40x2DURGR0x2Dr1/", "https://hub.sd2e.org/user/sd2e/design/CEN0x2EPK20x200x2D0x20MAT0x20A0x200x3A0x3A0x3A0x20pMOD4G0x2Ddcas90x2Dmxi10x200x7C0x20pMOD60x2DpGRR0x2Dr30x2DyeGFP0x20_X_0x20CEN0x2EPK20x200x2D0x20MAT0x20alpha0x200x3A0x3A0x3A0x20pMODKan0x2DHO0x2DpACT10x2DZEV40x200x7C0x20pMOD80x2DpGALZ40x2DURGR0x2Dr3/1", "https://hub.sd2e.org/user/sd2e/design/CEN0x2EPK20x200x2D0x20MAT0x20A0x200x3A0x3A0x3A0x20pMOD4G0x2Ddcas90x2Dmxi10x200x7C0x20pMOD60x2DpGRR0x2Dr20x2DyeGFP0x20_X_0x20CEN0x2EPK20x200x2D0x20MAT0x20alpha0x200x3A0x3A0x3A0x20pMODKan0x2DHO0x2DpACT10x2DZEV40x200x7C0x20pMOD80x2DpGALZ40x2DURGR0x2Dr2/1", "https://hub.sd2e.org/user/sd2e/design/CEN0x2EPK20x200x2D0x20MAT0x20A0x200x3A0x3A0x3A0x20pMOD4G0x2Ddcas90x2Dmxi10x20_X_0x20CEN0x2EPK20x200x2D0x20MAT0x20alpha0x200x3A0x3A0x3A0x20pMODKan0x2DHO0x2DpACT10x2DZEV40x200x7C0x20pMOD80x2DpGALZ40x2DeYFP/1"], "timepoints": [{"value": 24.0, "unit": "unspecified"}, {"value": 48.0, "unit": "unspecified"}, {"value": 72.0, "unit": "unspecified"}, {"value": 96.0, "unit": "unspecified"}], "temperatures": [{"value": 30.0, "unit": "celsius"}], "contents": [[{"name": {"label": "Beta-estradiol @ 18 hours", "sbh_uri": "NO PROGRAM DICTIONARY ENTRY"}, "value": "0"}, {"name": {"label": "Beta-estradiol @ 18 hours", "sbh_uri": "NO PROGRAM DICTIONARY ENTRY"}, "value": "10", "unit": "nM"}], [{"name": {"label": "Beta-estradiol   @ 42 hours", "sbh_uri": "NO PROGRAM DICTIONARY ENTRY"}, "value": "0"}, {"name": {"label": "Beta-estradiol   @ 42 hours", "sbh_uri": "NO PROGRAM DICTIONARY ENTRY"}, "value": "10", "unit": "nM"}], [{"name": {"label": "Beta-estradiol @ 66 hours", "sbh_uri": "NO PROGRAM DICTIONARY ENTRY"}, "value": "0"}, {"name": {"label": "Beta-estradiol @ 66 hours", "sbh_uri": "NO PROGRAM DICTIONARY ENTRY"}, "value": "10", "unit": "nM"}], [{"name": {"label": "Beta-estradiol @ 90 hours", "sbh_uri": "NO PROGRAM DICTIONARY ENTRY"}, "value": "0"}, {"name": {"label": "Beta-estradiol @ 90 hours", "sbh_uri": "NO PROGRAM DICTIONARY ENTRY"}, "value": "10", "unit": "nM"}], [{"name": {"label": "dilution", "sbh_uri": "NO PROGRAM DICTIONARY ENTRY"}, "value": "100", "unit": "X"}]]}]}]}