{"name": "NovelChassis Request Bacillus WT Characterization", "experiment_id": "experiment.tacc.TBD", "challenge_problem": "NOVEL_CHASSIS", "experiment_reference": "NovelChassis-Bacillus-WT-Characterization", "experiment_reference_url": "https://docs.google.com/document/d/16eroq4UtIPhP89_PiKnvfi4wxV52vdKtUwPmBBu6OMc", "experiment_version": 1, "lab": "Ginkgo", "runs": [{"measurements": [{"measurement_type": "RNA_SEQ", "file_type": ["FASTQ", "FASTQ"], "replicates": 3, "strains": ["Bacillus subtilis 168 Marburg"], "timepoints": [{"value": 6.0, "unit": "hour"}], "temperatures": [{"value": 30.0, "unit": "celsius"}], "contents": [[{"name": {"label": "Dextrose (D-Glucose)", "sbh_uri": "https://hub.sd2e.org/user/sd2e/design/sigma_G8270/1"}, "value": "0.100"}, {"name": {"label": "Dextrose (D-Glucose)", "sbh_uri": "https://hub.sd2e.org/user/sd2e/design/sigma_G8270/1"}, "value": "0.183"}, {"name": {"label": "Dextrose (D-Glucose)", "sbh_uri": "https://hub.sd2e.org/user/sd2e/design/sigma_G8270/1"}, "value": "0.265"}, {"name": {"label": "Dextrose (D-Glucose)", "sbh_uri": "https://hub.sd2e.org/user/sd2e/design/sigma_G8270/1"}, "value": "0.348"}, {"name": {"label": "Dextrose (D-Glucose)", "sbh_uri": "https://hub.sd2e.org/user/sd2e/design/sigma_G8270/1"}, "value": "0.430"}, {"name": {"label": "Dextrose (D-Glucose)", "sbh_uri": "https://hub.sd2e.org/user/sd2e/design/sigma_G8270/1"}, "value": "0.513"}, {"name": {"label": "Dextrose (D-Glucose)", "sbh_uri": "https://hub.sd2e.org/user/sd2e/design/sigma_G8270/1"}, "value": "0.596"}, {"name": {"label": "Dextrose (D-Glucose)", "sbh_uri": "https://hub.sd2e.org/user/sd2e/design/sigma_G8270/1"}, "value": "0.678"}, {"name": {"label": "Dextrose (D-Glucose)", "sbh_uri": "https://hub.sd2e.org/user/sd2e/design/sigma_G8270/1"}, "value": "0.761"}, {"name": {"label": "Dextrose (D-Glucose)", "sbh_uri": "https://hub.sd2e.org/user/sd2e/design/sigma_G8270/1"}, "value": "0.843"}, {"name": {"label": "Dextrose (D-Glucose)", "sbh_uri": "https://hub.sd2e.org/user/sd2e/design/sigma_G8270/1"}, "value": "0.926"}, {"name": {"label": "Dextrose (D-Glucose)", "sbh_uri": "https://hub.sd2e.org/user/sd2e/design/sigma_G8270/1"}, "value": "1.009"}, {"name": {"label": "Dextrose (D-Glucose)", "sbh_uri": "https://hub.sd2e.org/user/sd2e/design/sigma_G8270/1"}, "value": "1.091"}, {"name": {"label": "Dextrose (D-Glucose)", "sbh_uri": "https://hub.sd2e.org/user/sd2e/design/sigma_G8270/1"}, "value": "1.174"}, {"name": {"label": "Dextrose (D-Glucose)", "sbh_uri": "https://hub.sd2e.org/user/sd2e/design/sigma_G8270/1"}, "value": "1.257"}, {"name": {"label": "Dextrose (D-Glucose)", "sbh_uri": "https://hub.sd2e.org/user/sd2e/design/sigma_G8270/1"}, "value": "1.339"}, {"name": {"label": "Dextrose (D-Glucose)", "sbh_uri": "https://hub.sd2e.org/user/sd2e/design/sigma_G8270/1"}, "value": "1.422"}, {"name": {"label": "Dextrose (D-Glucose)", "sbh_uri": "https://hub.sd2e.org/user/sd2e/design/sigma_G8270/1"}, "value": "1.504"}, {"name": {"label": "Dextrose (D-Glucose)", "sbh_uri": "https://hub.sd2e.org/user/sd2e/design/sigma_G8270/1"}, "value": "1.587"}, {"name": {"label": "Dextrose (D-Glucose)", "sbh_uri": "https://hub.sd2e.org/user/sd2e/design/sigma_G8270/1"}, "value": "1.670"}, {"name": {"label": "Dextrose (D-Glucose)", "sbh_uri": "https://hub.sd2e.org/user/sd2e/design/sigma_G8270/1"}, "value": "1.752"}, {"name": {"label": "Dextrose (D-Glucose)", "sbh_uri": "https://hub.sd2e.org/user/sd2e/design/sigma_G8270/1"}, "value": "1.835"}, {"name": {"label": "Dextrose (D-Glucose)", "sbh_uri": "https://hub.sd2e.org/user/sd2e/design/sigma_G8270/1"}, "value": "1.917"}, {"name": {"label": "Dextrose (D-Glucose)", "sbh_uri": "https://hub.sd2e.org/user/sd2e/design/sigma_G8270/1"}, "value": "2.000", "unit": "%"}]]}, {"measurement_type": "PLATE_READER", "file_type": ["PLAIN", "CSV"], "replicates": 3, "strains": ["Bacillus subtilis 168 Marburg"], "timepoints": [{"value": 6.0, "unit": "hour"}, {"value": 7.0, "unit": "hour"}, {"value": 8.0, "unit": "hour"}], "temperatures": [{"value": 30.0, "unit": "celsius"}], "contents": [[{"name": {"label": "Dextrose (D-Glucose)", "sbh_uri": "https://hub.sd2e.org/user/sd2e/design/sigma_G8270/1"}, "value": "0.100"}, {"name": {"label": "Dextrose (D-Glucose)", "sbh_uri": "https://hub.sd2e.org/user/sd2e/design/sigma_G8270/1"}, "value": "0.183"}, {"name": {"label": "Dextrose (D-Glucose)", "sbh_uri": "https://hub.sd2e.org/user/sd2e/design/sigma_G8270/1"}, "value": "0.265"}, {"name": {"label": "Dextrose (D-Glucose)", "sbh_uri": "https://hub.sd2e.org/user/sd2e/design/sigma_G8270/1"}, "value": "0.348"}, {"name": {"label": "Dextrose (D-Glucose)", "sbh_uri": "https://hub.sd2e.org/user/sd2e/design/sigma_G8270/1"}, "value": "0.430"}, {"name": {"label": "Dextrose (D-Glucose)", "sbh_uri": "https://hub.sd2e.org/user/sd2e/design/sigma_G8270/1"}, "value": "0.513"}, {"name": {"label": "Dextrose (D-Glucose)", "sbh_uri": "https://hub.sd2e.org/user/sd2e/design/sigma_G8270/1"}, "value": "0.596"}, {"name": {"label": "Dextrose (D-Glucose)", "sbh_uri": "https://hub.sd2e.org/user/sd2e/design/sigma_G8270/1"}, "value": "0.678"}, {"name": {"label": "Dextrose (D-Glucose)", "sbh_uri": "https://hub.sd2e.org/user/sd2e/design/sigma_G8270/1"}, "value": "0.761"}, {"name": {"label": "Dextrose (D-Glucose)", "sbh_uri": "https://hub.sd2e.org/user/sd2e/design/sigma_G8270/1"}, "value": "0.843"}, {"name": {"label": "Dextrose (D-Glucose)", "sbh_uri": "https://hub.sd2e.org/user/sd2e/design/sigma_G8270/1"}, "value": "0.926"}, {"name": {"label": "Dextrose (D-Glucose)", "sbh_uri": "https://hub.sd2e.org/user/sd2e/design/sigma_G8270/1"}, "value": "1.009"}, {"name": {"label": "Dextrose (D-Glucose)", "sbh_uri": "https://hub.sd2e.org/user/sd2e/design/sigma_G8270/1"}, "value": "1.091"}, {"name": {"label": "Dextrose (D-Glucose)", "sbh_uri": "https://hub.sd2e.org/user/sd2e/design/sigma_G8270/1"}, "value": "1.174"}, {"name": {"label": "Dextrose (D-Glucose)", "sbh_uri": "https://hub.sd2e.org/user/sd2e/design/sigma_G8270/1"}, "value": "1.257"}, {"name": {"label": "Dextrose (D-Glucose)", "sbh_uri": "https://hub.sd2e.org/user/sd2e/design/sigma_G8270/1"}, "value": "1.339"}, {"name": {"label": "Dextrose (D-Glucose)", "sbh_uri": "https://hub.sd2e.org/user/sd2e/design/sigma_G8270/1"}, "value": "1.422"}, {"name": {"label": "Dextrose (D-Glucose)", "sbh_uri": "https://hub.sd2e.org/user/sd2e/design/sigma_G8270/1"}, "value": "1.504"}, {"name": {"label": "Dextrose (D-Glucose)", "sbh_uri": "https://hub.sd2e.org/user/sd2e/design/sigma_G8270/1"}, "value": "1.587"}, {"name": {"label": "Dextrose (D-Glucose)", "sbh_uri": "https://hub.sd2e.org/user/sd2e/design/sigma_G8270/1"}, "value": "1.670"}, {"name": {"label": "Dextrose (D-Glucose)", "sbh_uri": "https://hub.sd2e.org/user/sd2e/design/sigma_G8270/1"}, "value": "1.752"}, {"name": {"label": "Dextrose (D-Glucose)", "sbh_uri": "https://hub.sd2e.org/user/sd2e/design/sigma_G8270/1"}, "value": "1.835"}, {"name": {"label": "Dextrose (D-Glucose)", "sbh_uri": "https://hub.sd2e.org/user/sd2e/design/sigma_G8270/1"}, "value": "1.917"}, {"name": {"label": "Dextrose (D-Glucose)", "sbh_uri": "https://hub.sd2e.org/user/sd2e/design/sigma_G8270/1"}, "value": "2.000", "unit": "%"}]]}]}]}