{"name": "IntentParserCopy_of_CEN.PK Inducible CRISPR Characterization Request", "experiment_id": "experiment.tacc.TBD", "challenge_problem": "INTENT_PARSER_TEST", "experiment_reference": "IntentParserCopy-of-CEN-PK-Inducible-CRISPR-Characterization", "experiment_reference_url": "https://docs.google.com/document/d/1ANYsKgAkY1InQmaIPMJ91-GOgBJpBveWcngFCl6fPdY", "experiment_version": 1, "lab": "Transcriptic", "runs": [{"measurements": [{"measurement_type": "PLATE_READER", "file_type": ["CSV"], "replicates": 10, "strains": ["UWBF_24926", "UWBF_24952", "UWBF_24959", "UWBF_24960", "UWBF_25784", "UWBF_24962", "UWBF_24963", "UWBF_24961"], "timepoints": [{"value": 18.0, "unit": "hour"}, {"value": 26.0, "unit": "hour"}, {"value": 42.0, "unit": "hour"}, {"value": 50.0, "unit": "hour"}, {"value": 66.0, "unit": "hour"}], "temperatures": [{"value": 30.0, "unit": "celsius"}], "contents": [[{"name": {"label": "Media", "sbh_uri": "https://hub.sd2e.org/user/sd2e/design/Media/1"}, "value": "sc_media"}], [{"name": {"label": "Dilution factor", "sbh_uri": "NO PROGRAM DICTIONARY ENTRY"}, "value": "51", "unit": "X"}], [{"name": {"label": "SC Media", "sbh_uri": "https://hub.sd2e.org/user/sd2e/design/culture_media_1/1"}, "value": "0", "unit": "mM", "timepoint": {"value": 18.0, "unit": "hour"}}], [{"name": {"label": "BE", "sbh_uri": "https://hub.sd2e.org/user/sd2e/design/beta0x2Destradiol/1"}, "value": "0.05", "unit": "micromole", "timepoint": {"value": 18.0, "unit": "hour"}}], [{"name": {"label": "SC Media", "sbh_uri": "https://hub.sd2e.org/user/sd2e/design/culture_media_1/1"}, "value": "0", "unit": "mM", "timepoint": {"value": 42.0, "unit": "hour"}}], [{"name": {"label": "BE", "sbh_uri": "https://hub.sd2e.org/user/sd2e/design/beta0x2Destradiol/1"}, "value": "0", "unit": "micromole", "timepoint": {"value": 42.0, "unit": "hour"}}]]}, {"measurement_type": "PLATE_READER", "file_type": ["CSV"], "replicates": 3, "strains": ["UWBF_6390", "UWBF_23970", "UWBF_24864", "UWBF_32302"], "timepoints": [{"value": 18.0, "unit": "hour"}, {"value": 26.0, "unit": "hour"}, {"value": 42.0, "unit": "hour"}, {"value": 50.0, "unit": "hour"}, {"value": 66.0, "unit": "hour"}], "temperatures": [{"value": 30.0, "unit": "celsius"}], "contents": [[{"name": {"label": "Media", "sbh_uri": "https://hub.sd2e.org/user/sd2e/design/Media/1"}, "value": "sc_media"}], [{"name": {"label": "Dilution factor", "sbh_uri": "NO PROGRAM DICTIONARY ENTRY"}, "value": "51", "unit": "X"}], [{"name": {"label": "SC Media", "sbh_uri": "https://hub.sd2e.org/user/sd2e/design/culture_media_1/1"}, "value": "0", "unit": "mM", "timepoint": {"value": 18.0, "unit": "hour"}}], [{"name": {"label": "BE", "sbh_uri": "https://hub.sd2e.org/user/sd2e/design/beta0x2Destradiol/1"}, "value": "0", "unit": "micromole", "timepoint": {"value": 18.0, "unit": "hour"}}], [{"name": {"label": "SC Media", "sbh_uri": "https://hub.sd2e.org/user/sd2e/design/culture_media_1/1"}, "value": "0", "unit": "mM", "timepoint": {"value": 42.0, "unit": "hour"}}], [{"name": {"label": "BE", "sbh_uri": "https://hub.sd2e.org/user/sd2e/design/beta0x2Destradiol/1"}, "value": "0", "unit": "micromole", "timepoint": {"value": 42.0, "unit": "hour"}}]]}, {"measurement_type": "PLATE_READER", "file_type": ["CSV"], "replicates": 4, "timepoints": [{"value": 18.0, "unit": "hour"}, {"value": 26.0, "unit": "hour"}, {"value": 42.0, "unit": "hour"}, {"value": 50.0, "unit": "hour"}, {"value": 66.0, "unit": "hour"}], "temperatures": [{"value": 30.0, "unit": "celsius"}], "contents": [[{"name": {"label": "Media", "sbh_uri": "https://hub.sd2e.org/user/sd2e/design/Media/1"}, "value": "sc_media"}], [{"name": {"label": "Dilution factor", "sbh_uri": "NO PROGRAM DICTIONARY ENTRY"}, "value": "51", "unit": "X"}], [{"name": {"label": "SC Media", "sbh_uri": "https://hub.sd2e.org/user/sd2e/design/culture_media_1/1"}, "value": "0", "unit": "mM", "timepoint": {"value": 18.0, "unit": "hour"}}], [{"name": {"label": "BE", "sbh_uri": "https://hub.sd2e.org/user/sd2e/design/beta0x2Destradiol/1"}, "value": "0", "unit": "micromole", "timepoint": {"value": 18.0, "unit": "hour"}}], [{"name": {"label": "SC Media", "sbh_uri": "https://hub.sd2e.org/user/sd2e/design/culture_media_1/1"}, "value": "0", "unit": "mM", "timepoint": {"value": 42.0, "unit": "hour"}}], [{"name": {"label": "BE", "sbh_uri": "https://hub.sd2e.org/user/sd2e/design/beta0x2Destradiol/1"}, "value": "0", "unit": "micromole", "timepoint": {"value": 42.0, "unit": "hour"}}]]}, {"measurement_type": "FLOW", "file_type": ["FCS"], "replicates": 10, "strains": ["UWBF_24926", "UWBF_24952", "UWBF_24959", "UWBF_24960", "UWBF_25784", "UWBF_24962", "UWBF_24963", "UWBF_24961"], "timepoints": [{"value": 18.0, "unit": "hour"}, {"value": 26.0, "unit": "hour"}, {"value": 42.0, "unit": "hour"}, {"value": 50.0, "unit": "hour"}, {"value": 66.0, "unit": "hour"}], "temperatures": [{"value": 30.0, "unit": "celsius"}], "contents": [[{"name": {"label": "Media", "sbh_uri": "https://hub.sd2e.org/user/sd2e/design/Media/1"}, "value": "sc_media"}], [{"name": {"label": "Dilution factor", "sbh_uri": "NO PROGRAM DICTIONARY ENTRY"}, "value": "51", "unit": "X"}], [{"name": {"label": "SC Media", "sbh_uri": "https://hub.sd2e.org/user/sd2e/design/culture_media_1/1"}, "value": "0", "unit": "mM", "timepoint": {"value": 18.0, "unit": "hour"}}], [{"name": {"label": "BE", "sbh_uri": "https://hub.sd2e.org/user/sd2e/design/beta0x2Destradiol/1"}, "value": "0.05", "unit": "micromole", "timepoint": {"value": 18.0, "unit": "hour"}}], [{"name": {"label": "SC Media", "sbh_uri": "https://hub.sd2e.org/user/sd2e/design/culture_media_1/1"}, "value": "0", "unit": "mM", "timepoint": {"value": 42.0, "unit": "hour"}}], [{"name": {"label": "BE", "sbh_uri": "https://hub.sd2e.org/user/sd2e/design/beta0x2Destradiol/1"}, "value": "0", "unit": "micromole", "timepoint": {"value": 42.0, "unit": "hour"}}]]}, {"measurement_type": "FLOW", "file_type": ["FCS"], "replicates": 3, "strains": ["UWBF_6390", "UWBF_23970", "UWBF_24864", "UWBF_32302"], "timepoints": [{"value": 18.0, "unit": "hour"}, {"value": 26.0, "unit": "hour"}, {"value": 42.0, "unit": "hour"}, {"value": 50.0, "unit": "hour"}, {"value": 66.0, "unit": "hour"}], "temperatures": [{"value": 30.0, "unit": "celsius"}], "contents": [[{"name": {"label": "Media", "sbh_uri": "https://hub.sd2e.org/user/sd2e/design/Media/1"}, "value": "sc_media"}], [{"name": {"label": "Dilution factor", "sbh_uri": "NO PROGRAM DICTIONARY ENTRY"}, "value": "51", "unit": "X"}], [{"name": {"label": "SC Media", "sbh_uri": "https://hub.sd2e.org/user/sd2e/design/culture_media_1/1"}, "value": "0", "unit": "mM", "timepoint": {"value": 18.0, "unit": "hour"}}], [{"name": {"label": "BE", "sbh_uri": "https://hub.sd2e.org/user/sd2e/design/beta0x2Destradiol/1"}, "value": "0", "unit": "micromole", "timepoint": {"value": 18.0, "unit": "hour"}}], [{"name": {"label": "SC Media", "sbh_uri": "https://hub.sd2e.org/user/sd2e/design/culture_media_1/1"}, "value": "0", "unit": "mM", "timepoint": {"value": 42.0, "unit": "hour"}}], [{"name": {"label": "BE", "sbh_uri": "https://hub.sd2e.org/user/sd2e/design/beta0x2Destradiol/1"}, "value": "0", "unit": "micromole", "timepoint": {"value": 42.0, "unit": "hour"}}]]}, {"measurement_type": "FLOW", "file_type": ["FCS"], "replicates": 4, "timepoints": [{"value": 18.0, "unit": "hour"}, {"value": 26.0, "unit": "hour"}, {"value": 42.0, "unit": "hour"}, {"value": 50.0, "unit": "hour"}, {"value": 66.0, "unit": "hour"}], "temperatures": [{"value": 30.0, "unit": "celsius"}], "contents": [[{"name": {"label": "Media", "sbh_uri": "https://hub.sd2e.org/user/sd2e/design/Media/1"}, "value": "sc_media"}], [{"name": {"label": "Dilution factor", "sbh_uri": "NO PROGRAM DICTIONARY ENTRY"}, "value": "51", "unit": "X"}], [{"name": {"label": "SC Media", "sbh_uri": "https://hub.sd2e.org/user/sd2e/design/culture_media_1/1"}, "value": "0", "unit": "mM", "timepoint": {"value": 18.0, "unit": "hour"}}], [{"name": {"label": "BE", "sbh_uri": "https://hub.sd2e.org/user/sd2e/design/beta0x2Destradiol/1"}, "value": "0", "unit": "micromole", "timepoint": {"value": 18.0, "unit": "hour"}}], [{"name": {"label": "SC Media", "sbh_uri": "https://hub.sd2e.org/user/sd2e/design/culture_media_1/1"}, "value": "0", "unit": "mM", "timepoint": {"value": 42.0, "unit": "hour"}}], [{"name": {"label": "BE", "sbh_uri": "https://hub.sd2e.org/user/sd2e/design/beta0x2Destradiol/1"}, "value": "0", "unit": "micromole", "timepoint": {"value": 42.0, "unit": "hour"}}]]}, {"measurement_type": "CONDITION_SPACE", "file_type": ["CSV", "FCS"], "replicates": 20, "strains": ["UWBF_24926", "UWBF_24952", "UWBF_24959", "UWBF_24960", "UWBF_25784", "UWBF_24962", "UWBF_24963", "UWBF_24961", "\u000bUWBF_6390", "UWBF_23970", "UWBF_24864", "UWBF_32302"], "timepoints": [{"value": 18.0, "unit": "hour"}, {"value": 26.0, "unit": "hour"}, {"value": 42.0, "unit": "hour"}, {"value": 50.0, "unit": "hour"}, {"value": 66.0, "unit": "hour"}], "temperatures": [{"value": 0.0, "unit": "celsius"}, {"value": 100.0, "unit": "celsius"}], "contents": [[{"name": {"label": "Media", "sbh_uri": "https://hub.sd2e.org/user/sd2e/design/Media/1"}, "value": "sc_media"}], [{"name": {"label": "Dilution factor", "sbh_uri": "NO PROGRAM DICTIONARY ENTRY"}, "value": "1", "unit": "X"}, {"name": {"label": "Dilution factor", "sbh_uri": "NO PROGRAM DICTIONARY ENTRY"}, "value": "1000", "unit": "X"}], [{"name": {"label": "SC Media", "sbh_uri": "https://hub.sd2e.org/user/sd2e/design/culture_media_1/1"}, "value": "0", "unit": "mM", "timepoint": {"value": 18.0, "unit": "hour"}}, {"name": {"label": "SC Media", "sbh_uri": "https://hub.sd2e.org/user/sd2e/design/culture_media_1/1"}, "value": "1", "unit": "mM", "timepoint": {"value": 18.0, "unit": "hour"}}], [{"name": {"label": "BE", "sbh_uri": "https://hub.sd2e.org/user/sd2e/design/beta0x2Destradiol/1"}, "value": "0", "unit": "micromole", "timepoint": {"value": 18.0, "unit": "hour"}}, {"name": {"label": "BE", "sbh_uri": "https://hub.sd2e.org/user/sd2e/design/beta0x2Destradiol/1"}, "value": "0.2", "unit": "micromole", "timepoint": {"value": 18.0, "unit": "hour"}}], [{"name": {"label": "SC Media", "sbh_uri": "https://hub.sd2e.org/user/sd2e/design/culture_media_1/1"}, "value": "0", "unit": "mM", "timepoint": {"value": 42.0, "unit": "hour"}}, {"name": {"label": "SC Media", "sbh_uri": "https://hub.sd2e.org/user/sd2e/design/culture_media_1/1"}, "value": "1", "unit": "mM", "timepoint": {"value": 42.0, "unit": "hour"}}], [{"name": {"label": "BE", "sbh_uri": "https://hub.sd2e.org/user/sd2e/design/beta0x2Destradiol/1"}, "value": "0", "unit": "micromole", "timepoint": {"value": 42.0, "unit": "hour"}}, {"name": {"label": "BE", "sbh_uri": "https://hub.sd2e.org/user/sd2e/design/beta0x2Destradiol/1"}, "value": "1", "unit": "micromole", "timepoint": {"value": 42.0, "unit": "hour"}}]]}]}], "parameters": {"inoc_info.inoc_vol": "10:microliter", "inoc_info.inoc_media_vol": "700:microliter", "inoc_info.inc_time_1": "16:hour", "inoc_info.inoculation_media": "sc_media", "incubation_info.shaking": "high_speed", "recovery_info.recovery_sample_vol": "50:microliter", "recovery_info.recovery_media_vol": "1000:microliter", "induction_info.induction_time.total_induction_time": "8:hour", "induction_info.induction_time.doubling_time": "2:hour", "induction_info.dil_volume": "1700:microliter", "induction_info.induction_reagents.media_vol": "300:microliter", "induction_info.induction_plate_info": "new-induction-plate", "read_info.sampling_info.read_cult_vol": "300:microliter", "plate_reader_info.fluor_ex": "488:nanometer", "plate_reader_info.fluor_em": "530:nanometer", "plate_reader_info.gain": 0.16}}