{"name": "IntentParserCopy_of_Engineered CEN.PK2 DNASeq Experimental Request", "experiment_id": "experiment.tacc.TBD", "challenge_problem": "INTENT_PARSER_TEST", "experiment_reference": "IntentParserCopy-of-Engineered-CEN-PK2-DNASeq-January-15-6-37-PM", "experiment_reference_url": "https://docs.google.com/document/d/1G06NO1h0423G-3zQd7e_bjddDNQCq8Lb8zpad-xznCs", "experiment_version": 1, "lab": "Ginkgo", "runs": [{"measurements": [{"measurement_type": "DNA_SEQ", "file_type": ["CSV"], "replicates": 1, "strains": ["UWBF_22800", "UWBF_22801", "UWBF_27674", "UWBF_27351", "UWBF_27673"]}]}]}