{"name": "CP_NovelChassis_OR_Circuit_Cycle0_Tx", "experiment_id": "experiment.tacc.TBD", "challenge_problem": "NOVEL_CHASSIS", "experiment_reference": "NovelChassis-OR-Circuit-Cycle0-Tx", "experiment_reference_url": "https://docs.google.com/document/d/1IagstOKKIp-JiHXUYqoWKaGhoUuc2pwKflknqRdZMhU", "experiment_version": 1, "lab": "Transcriptic", "runs": [{"measurements": [{"measurement_type": "PLATE_READER", "file_type": ["CSV"], "replicates": 2, "strains": ["B_subtilis_WT_JH642_Colony_1", "B_subtilis_WT_JH642_Colony_2", "B_subtilis_WT_JH642_Colony_3", "B_subtilis_WT_PY79_Colony_1", "B_subtilis_WT_PY79_Colony_2", "B_subtilis_WT_PY79_Colony_3", "B_subtilis_LG227_Colony_1", "B_subtilis_LG227_Colony_2", "B_subtilis_LG227_Colony_3", "B_subtilis_LG371_Colony_1", "B_subtilis_LG371_Colony_2", "B_subtilis_LG371_Colony_3", "B_subtilis_GFP_min_Colony_1", "B_subtilis_GFP_min_Colony_2", "B_subtilis_GFP_min_Colony_3", "B_subtilis_GFP_medium_Colony_1", "B_subtilis_GFP_medium_Colony_2", "B_subtilis_GFP_medium_Colony_3", "B_subtilis_GFP_max_Colony_1", "B_subtilis_GFP_max_Colony_2", "B_subtilis_GFP_max_Colony_3", "\u201c\u201d"], "timepoints": [{"value": 0.5, "unit": "hour"}, {"value": 1.0, "unit": "hour"}, {"value": 1.5, "unit": "hour"}, {"value": 2.0, "unit": "hour"}, {"value": 2.5, "unit": "hour"}, {"value": 3.0, "unit": "hour"}, {"value": 3.5, "unit": "hour"}, {"value": 4.0, "unit": "hour"}, {"value": 4.5, "unit": "hour"}, {"value": 5.0, "unit": "hour"}, {"value": 5.5, "unit": "hour"}, {"value": 6.0, "unit": "hour"}, {"value": 6.5, "unit": "hour"}, {"value": 7.0, "unit": "hour"}, {"value": 7.5, "unit": "hour"}, {"value": 8.0, "unit": "hour"}], "temperatures": [{"value": 30.0, "unit": "celsius"}, {"value": 35.0, "unit": "celsius"}], "contents": [[{"name": {"label": "iptg_and_cuminic_acid", "sbh_uri": "NO PROGRAM DICTIONARY ENTRY"}, "value": "0"}, {"name": {"label": "iptg_and_cuminic_acid", "sbh_uri": "NO PROGRAM DICTIONARY ENTRY"}, "value": "1mM"}], [{"name": {"label": "inoculation_media", "sbh_uri": "NO PROGRAM DICTIONARY ENTRY"}, "value": "S750"}], [{"name": {"label": "induction_base_media", "sbh_uri": "NO PROGRAM DICTIONARY ENTRY"}, "value": "S750"}], [{"name": {"label": "total_induction_time", "sbh_uri": "NO PROGRAM DICTIONARY ENTRY"}, "value": "8", "unit": "unspecified"}], [{"name": {"label": "sampling_time", "sbh_uri": "NO PROGRAM DICTIONARY ENTRY"}, "value": "30", "unit": "M"}]]}, {"measurement_type": "PLATE_READER", "file_type": ["CSV"], "replicates": 2, "strains": ["B_subtilis_WT_JH642_Colony_1", "B_subtilis_WT_JH642_Colony_2", "B_subtilis_WT_JH642_Colony_3", "B_subtilis_WT_PY79_Colony_1", "B_subtilis_WT_PY79_Colony_2", "B_subtilis_WT_PY79_Colony_3", "B_subtilis_LG227_Colony_1", "B_subtilis_LG227_Colony_2", "B_subtilis_LG227_Colony_3", "B_subtilis_LG371_Colony_1", "B_subtilis_LG371_Colony_2", "B_subtilis_LG371_Colony_3", "B_subtilis_GFP_min_Colony_1", "B_subtilis_GFP_min_Colony_2", "B_subtilis_GFP_min_Colony_3", "B_subtilis_GFP_medium_Colony_1", "B_subtilis_GFP_medium_Colony_2", "B_subtilis_GFP_medium_Colony_3", "B_subtilis_GFP_max_Colony_1", "B_subtilis_GFP_max_Colony_2", "B_subtilis_GFP_max_Colony_3", "\u201c\u201d"], "timepoints": [{"value": 0.5, "unit": "hour"}, {"value": 1.0, "unit": "hour"}, {"value": 1.5, "unit": "hour"}, {"value": 2.0, "unit": "hour"}, {"value": 2.5, "unit": "hour"}, {"value": 3.0, "unit": "hour"}, {"value": 3.5, "unit": "hour"}, {"value": 4.0, "unit": "hour"}, {"value": 4.5, "unit": "hour"}, {"value": 5.0, "unit": "hour"}, {"value": 5.5, "unit": "hour"}, {"value": 6.0, "unit": "hour"}, {"value": 6.5, "unit": "hour"}, {"value": 7.0, "unit": "hour"}, {"value": 7.5, "unit": "hour"}, {"value": 8.0, "unit": "hour"}], "temperatures": [{"value": 30.0, "unit": "celsius"}, {"value": 35.0, "unit": "celsius"}], "contents": [[{"name": {"label": "iptg_and_cuminic_acid", "sbh_uri": "NO PROGRAM DICTIONARY ENTRY"}, "value": "0"}, {"name": {"label": "iptg_and_cuminic_acid", "sbh_uri": "NO PROGRAM DICTIONARY ENTRY"}, "value": "1mM"}], [{"name": {"label": "inoculation_media", "sbh_uri": "NO PROGRAM DICTIONARY ENTRY"}, "value": "Modified M9 Media", "unit": "unspecified"}], [{"name": {"label": "induction_base_media", "sbh_uri": "NO PROGRAM DICTIONARY ENTRY"}, "value": "Modified M9 Media", "unit": "unspecified"}], [{"name": {"label": "total_induction_time", "sbh_uri": "NO PROGRAM DICTIONARY ENTRY"}, "value": "8", "unit": "unspecified"}], [{"name": {"label": "sampling_time", "sbh_uri": "NO PROGRAM DICTIONARY ENTRY"}, "value": "30", "unit": "M"}]]}, {"measurement_type": "PLATE_READER", "file_type": ["CSV"], "replicates": 2, "strains": ["B_subtilis_WT_JH642_Colony_1", "B_subtilis_WT_JH642_Colony_2", "B_subtilis_WT_JH642_Colony_3", "B_subtilis_WT_PY79_Colony_1", "B_subtilis_WT_PY79_Colony_2", "B_subtilis_WT_PY79_Colony_3", "B_subtilis_LG227_Colony_1", "B_subtilis_LG227_Colony_2", "B_subtilis_LG227_Colony_3", "B_subtilis_LG371_Colony_1", "B_subtilis_LG371_Colony_2", "B_subtilis_LG371_Colony_3", "B_subtilis_GFP_min_Colony_1", "B_subtilis_GFP_min_Colony_2", "B_subtilis_GFP_min_Colony_3", "B_subtilis_GFP_medium_Colony_1", "B_subtilis_GFP_medium_Colony_2", "B_subtilis_GFP_medium_Colony_3", "B_subtilis_GFP_max_Colony_1", "B_subtilis_GFP_max_Colony_2", "B_subtilis_GFP_max_Colony_3", "\u201c\u201d"], "timepoints": [{"value": 12.0, "unit": "hour"}, {"value": 24.0, "unit": "hour"}], "temperatures": [{"value": 30.0, "unit": "celsius"}, {"value": 35.0, "unit": "celsius"}], "contents": [[{"name": {"label": "iptg_and_cuminic_acid", "sbh_uri": "NO PROGRAM DICTIONARY ENTRY"}, "value": "0"}, {"name": {"label": "iptg_and_cuminic_acid", "sbh_uri": "NO PROGRAM DICTIONARY ENTRY"}, "value": "1mM"}], [{"name": {"label": "inoculation_media", "sbh_uri": "NO PROGRAM DICTIONARY ENTRY"}, "value": "S750"}], [{"name": {"label": "induction_base_media", "sbh_uri": "NO PROGRAM DICTIONARY ENTRY"}, "value": "S750"}], [{"name": {"label": "total_induction_time", "sbh_uri": "NO PROGRAM DICTIONARY ENTRY"}, "value": "24", "unit": "unspecified"}], [{"name": {"label": "sampling_time", "sbh_uri": "NO PROGRAM DICTIONARY ENTRY"}, "value": "12", "unit": "unspecified"}]]}, {"measurement_type": "PLATE_READER", "file_type": ["CSV"], "replicates": 2, "strains": ["B_subtilis_WT_JH642_Colony_1", "B_subtilis_WT_JH642_Colony_2", "B_subtilis_WT_JH642_Colony_3", "B_subtilis_WT_PY79_Colony_1", "B_subtilis_WT_PY79_Colony_2", "B_subtilis_WT_PY79_Colony_3", "B_subtilis_LG227_Colony_1", "B_subtilis_LG227_Colony_2", "B_subtilis_LG227_Colony_3", "B_subtilis_LG371_Colony_1", "B_subtilis_LG371_Colony_2", "B_subtilis_LG371_Colony_3", "B_subtilis_GFP_min_Colony_1", "B_subtilis_GFP_min_Colony_2", "B_subtilis_GFP_min_Colony_3", "B_subtilis_GFP_medium_Colony_1", "B_subtilis_GFP_medium_Colony_2", "B_subtilis_GFP_medium_Colony_3", "B_subtilis_GFP_max_Colony_1", "B_subtilis_GFP_max_Colony_2", "B_subtilis_GFP_max_Colony_3", "\u201c\u201d"], "timepoints": [{"value": 12.0, "unit": "hour"}, {"value": 24.0, "unit": "hour"}], "temperatures": [{"value": 30.0, "unit": "celsius"}, {"value": 35.0, "unit": "celsius"}], "contents": [[{"name": {"label": "iptg_and_cuminic_acid", "sbh_uri": "NO PROGRAM DICTIONARY ENTRY"}, "value": "0"}, {"name": {"label": "iptg_and_cuminic_acid", "sbh_uri": "NO PROGRAM DICTIONARY ENTRY"}, "value": "1mM"}], [{"name": {"label": "inoculation_media", "sbh_uri": "NO PROGRAM DICTIONARY ENTRY"}, "value": "Modified M9 Media", "unit": "unspecified"}], [{"name": {"label": "induction_base_media", "sbh_uri": "NO PROGRAM DICTIONARY ENTRY"}, "value": "Modified M9 Media", "unit": "unspecified"}], [{"name": {"label": "total_induction_time", "sbh_uri": "NO PROGRAM DICTIONARY ENTRY"}, "value": "24", "unit": "unspecified"}], [{"name": {"label": "sampling_time", "sbh_uri": "NO PROGRAM DICTIONARY ENTRY"}, "value": "12", "unit": "unspecified"}]]}, {"measurement_type": "FLOW", "file_type": ["FCS"], "replicates": 2, "strains": ["B_subtilis_WT_JH642_Colony_1", "B_subtilis_WT_JH642_Colony_2", "B_subtilis_WT_JH642_Colony_3", "B_subtilis_WT_PY79_Colony_1", "B_subtilis_WT_PY79_Colony_2", "B_subtilis_WT_PY79_Colony_3", "B_subtilis_LG227_Colony_1", "B_subtilis_LG227_Colony_2", "B_subtilis_LG227_Colony_3", "B_subtilis_LG371_Colony_1", "B_subtilis_LG371_Colony_2", "B_subtilis_LG371_Colony_3", "B_subtilis_GFP_min_Colony_1", "B_subtilis_GFP_min_Colony_2", "B_subtilis_GFP_min_Colony_3", "B_subtilis_GFP_medium_Colony_1", "B_subtilis_GFP_medium_Colony_2", "B_subtilis_GFP_medium_Colony_3", "B_subtilis_GFP_max_Colony_1", "B_subtilis_GFP_max_Colony_2", "B_subtilis_GFP_max_Colony_3", "\u201c\u201d"], "timepoints": [{"value": 8.0, "unit": "hour"}], "temperatures": [{"value": 30.0, "unit": "celsius"}, {"value": 35.0, "unit": "celsius"}], "contents": [[{"name": {"label": "iptg_and_cuminic_acid", "sbh_uri": "NO PROGRAM DICTIONARY ENTRY"}, "value": "0"}, {"name": {"label": "iptg_and_cuminic_acid", "sbh_uri": "NO PROGRAM DICTIONARY ENTRY"}, "value": "1mM"}], [{"name": {"label": "inoculation_media", "sbh_uri": "NO PROGRAM DICTIONARY ENTRY"}, "value": "S750"}], [{"name": {"label": "induction_base_media", "sbh_uri": "NO PROGRAM DICTIONARY ENTRY"}, "value": "S750"}], [{"name": {"label": "total_induction_time", "sbh_uri": "NO PROGRAM DICTIONARY ENTRY"}, "value": "8", "unit": "unspecified"}], [{"name": {"label": "sampling_time", "sbh_uri": "NO PROGRAM DICTIONARY ENTRY"}, "value": "30", "unit": "M"}]]}, {"measurement_type": "FLOW", "file_type": ["FCS"], "replicates": 2, "strains": ["B_subtilis_WT_JH642_Colony_1", "B_subtilis_WT_JH642_Colony_2", "B_subtilis_WT_JH642_Colony_3", "B_subtilis_WT_PY79_Colony_1", "B_subtilis_WT_PY79_Colony_2", "B_subtilis_WT_PY79_Colony_3", "B_subtilis_LG227_Colony_1", "B_subtilis_LG227_Colony_2", "B_subtilis_LG227_Colony_3", "B_subtilis_LG371_Colony_1", "B_subtilis_LG371_Colony_2", "B_subtilis_LG371_Colony_3", "B_subtilis_GFP_min_Colony_1", "B_subtilis_GFP_min_Colony_2", "B_subtilis_GFP_min_Colony_3", "B_subtilis_GFP_medium_Colony_1", "B_subtilis_GFP_medium_Colony_2", "B_subtilis_GFP_medium_Colony_3", "B_subtilis_GFP_max_Colony_1", "B_subtilis_GFP_max_Colony_2", "B_subtilis_GFP_max_Colony_3", "\u201c\u201d"], "timepoints": [{"value": 8.0, "unit": "hour"}], "temperatures": [{"value": 30.0, "unit": "celsius"}, {"value": 35.0, "unit": "celsius"}], "contents": [[{"name": {"label": "iptg_and_cuminic_acid", "sbh_uri": "NO PROGRAM DICTIONARY ENTRY"}, "value": "0"}, {"name": {"label": "iptg_and_cuminic_acid", "sbh_uri": "NO PROGRAM DICTIONARY ENTRY"}, "value": "1mM"}], [{"name": {"label": "inoculation_media", "sbh_uri": "NO PROGRAM DICTIONARY ENTRY"}, "value": "Modified M9 Media", "unit": "unspecified"}], [{"name": {"label": "induction_base_media", "sbh_uri": "NO PROGRAM DICTIONARY ENTRY"}, "value": "Modified M9 Media", "unit": "unspecified"}], [{"name": {"label": "total_induction_time", "sbh_uri": "NO PROGRAM DICTIONARY ENTRY"}, "value": "8", "unit": "unspecified"}], [{"name": {"label": "sampling_time", "sbh_uri": "NO PROGRAM DICTIONARY ENTRY"}, "value": "30", "unit": "M"}]]}, {"measurement_type": "FLOW", "file_type": ["FCS"], "replicates": 2, "strains": ["B_subtilis_WT_JH642_Colony_1", "B_subtilis_WT_JH642_Colony_2", "B_subtilis_WT_JH642_Colony_3", "B_subtilis_WT_PY79_Colony_1", "B_subtilis_WT_PY79_Colony_2", "B_subtilis_WT_PY79_Colony_3", "B_subtilis_LG227_Colony_1", "B_subtilis_LG227_Colony_2", "B_subtilis_LG227_Colony_3", "B_subtilis_LG371_Colony_1", "B_subtilis_LG371_Colony_2", "B_subtilis_LG371_Colony_3", "B_subtilis_GFP_min_Colony_1", "B_subtilis_GFP_min_Colony_2", "B_subtilis_GFP_min_Colony_3", "B_subtilis_GFP_medium_Colony_1", "B_subtilis_GFP_medium_Colony_2", "B_subtilis_GFP_medium_Colony_3", "B_subtilis_GFP_max_Colony_1", "B_subtilis_GFP_max_Colony_2", "B_subtilis_GFP_max_Colony_3", "\u201c\u201d"], "timepoints": [{"value": 12.0, "unit": "hour"}, {"value": 24.0, "unit": "hour"}], "temperatures": [{"value": 30.0, "unit": "celsius"}, {"value": 35.0, "unit": "celsius"}], "contents": [[{"name": {"label": "iptg_and_cuminic_acid", "sbh_uri": "NO PROGRAM DICTIONARY ENTRY"}, "value": "0"}, {"name": {"label": "iptg_and_cuminic_acid", "sbh_uri": "NO PROGRAM DICTIONARY ENTRY"}, "value": "1mM"}], [{"name": {"label": "inoculation_media", "sbh_uri": "NO PROGRAM DICTIONARY ENTRY"}, "value": "S750"}], [{"name": {"label": "induction_base_media", "sbh_uri": "NO PROGRAM DICTIONARY ENTRY"}, "value": "S750"}], [{"name": {"label": "total_induction_time", "sbh_uri": "NO PROGRAM DICTIONARY ENTRY"}, "value": "24", "unit": "unspecified"}], [{"name": {"label": "sampling_time", "sbh_uri": "NO PROGRAM DICTIONARY ENTRY"}, "value": "12", "unit": "unspecified"}]]}, {"measurement_type": "FLOW", "file_type": ["FCS"], "replicates": 2, "strains": ["B_subtilis_WT_JH642_Colony_1", "B_subtilis_WT_JH642_Colony_2", "B_subtilis_WT_JH642_Colony_3", "B_subtilis_WT_PY79_Colony_1", "B_subtilis_WT_PY79_Colony_2", "B_subtilis_WT_PY79_Colony_3", "B_subtilis_LG227_Colony_1", "B_subtilis_LG227_Colony_2", "B_subtilis_LG227_Colony_3", "B_subtilis_LG371_Colony_1", "B_subtilis_LG371_Colony_2", "B_subtilis_LG371_Colony_3", "B_subtilis_GFP_min_Colony_1", "B_subtilis_GFP_min_Colony_2", "B_subtilis_GFP_min_Colony_3", "B_subtilis_GFP_medium_Colony_1", "B_subtilis_GFP_medium_Colony_2", "B_subtilis_GFP_medium_Colony_3", "B_subtilis_GFP_max_Colony_1", "B_subtilis_GFP_max_Colony_2", "B_subtilis_GFP_max_Colony_3", "\u201c\u201d"], "timepoints": [{"value": 12.0, "unit": "hour"}, {"value": 24.0, "unit": "hour"}], "temperatures": [{"value": 30.0, "unit": "celsius"}, {"value": 35.0, "unit": "celsius"}], "contents": [[{"name": {"label": "iptg_and_cuminic_acid", "sbh_uri": "NO PROGRAM DICTIONARY ENTRY"}, "value": "0"}, {"name": {"label": "iptg_and_cuminic_acid", "sbh_uri": "NO PROGRAM DICTIONARY ENTRY"}, "value": "1mM"}], [{"name": {"label": "inoculation_media", "sbh_uri": "NO PROGRAM DICTIONARY ENTRY"}, "value": "Modified M9 Media", "unit": "unspecified"}], [{"name": {"label": "induction_base_media", "sbh_uri": "NO PROGRAM DICTIONARY ENTRY"}, "value": "Modified M9 Media", "unit": "unspecified"}], [{"name": {"label": "total_induction_time", "sbh_uri": "NO PROGRAM DICTIONARY ENTRY"}, "value": "24", "unit": "unspecified"}], [{"name": {"label": "sampling_time", "sbh_uri": "NO PROGRAM DICTIONARY ENTRY"}, "value": "12", "unit": "unspecified"}]]}, {"measurement_type": "DNA_SEQ", "file_type": ["FASTQ"], "replicates": 2, "strains": ["B_subtilis_WT_JH642_Colony_1", "B_subtilis_WT_JH642_Colony_2", "B_subtilis_WT_JH642_Colony_3", "B_subtilis_WT_PY79_Colony_1", "B_subtilis_WT_PY79_Colony_2", "B_subtilis_WT_PY79_Colony_3", "B_subtilis_LG227_Colony_1", "B_subtilis_LG227_Colony_2", "B_subtilis_LG227_Colony_3", "B_subtilis_LG371_Colony_1", "B_subtilis_LG371_Colony_2", "B_subtilis_LG371_Colony_3", "B_subtilis_GFP_min_Colony_1", "B_subtilis_GFP_min_Colony_2", "B_subtilis_GFP_min_Colony_3", "B_subtilis_GFP_medium_Colony_1", "B_subtilis_GFP_medium_Colony_2", "B_subtilis_GFP_medium_Colony_3", "B_subtilis_GFP_max_Colony_1", "B_subtilis_GFP_max_Colony_2", "B_subtilis_GFP_max_Colony_3", "\u201c\u201d"], "timepoints": [{"value": 24.0, "unit": "hour"}], "temperatures": [{"value": 30.0, "unit": "celsius"}, {"value": 35.0, "unit": "celsius"}], "contents": [[{"name": {"label": "iptg_and_cuminic_acid", "sbh_uri": "NO PROGRAM DICTIONARY ENTRY"}, "value": "0"}, {"name": {"label": "iptg_and_cuminic_acid", "sbh_uri": "NO PROGRAM DICTIONARY ENTRY"}, "value": "1mM"}], [{"name": {"label": "inoculation_media", "sbh_uri": "NO PROGRAM DICTIONARY ENTRY"}, "value": "S750"}, {"name": {"label": "inoculation_media", "sbh_uri": "NO PROGRAM DICTIONARY ENTRY"}, "value": " Modified M9 Media", "unit": "unspecified"}], [{"name": {"label": "total_induction_time", "sbh_uri": "NO PROGRAM DICTIONARY ENTRY"}, "value": "24", "unit": "unspecified"}]]}, {"measurement_type": "CONDITION_SPACE", "file_type": [""], "replicates": 20, "strains": ["\"https://hub.sd2e.org/user/sd2e/design/B_subtilis_WT_JH642/1\"", "\"https://hub.sd2e.org/user/sd2e/design/B_subtilis_WT_PY79/1\"", "\"https://hub.sd2e.org/user/sd2e/design/B_subtilis_LG227/1\"", "\"https://hub.sd2e.org/user/sd2e/design/B_subtilis_LG371/1\"", "\"https://hub.sd2e.org/user/sd2e/design/B_subtilis_GFP_min/1\"", "\"https://hub.sd2e.org/user/sd2e/design/B_subtilis_GFP_medium/1\"", "\"https://hub.sd2e.org/user/sd2e/design/B_subtilis_GFP_max/1\""], "timepoints": [{"value": 1.0, "unit": "hour"}, {"value": 30.0, "unit": "hour"}], "temperatures": [{"value": 0.0, "unit": "celsius"}, {"value": 100.0, "unit": "celsius"}], "contents": [[{"name": {"label": "iptg_and_cuminic_acid", "sbh_uri": "NO PROGRAM DICTIONARY ENTRY"}, "value": "0"}, {"name": {"label": "iptg_and_cuminic_acid", "sbh_uri": "NO PROGRAM DICTIONARY ENTRY"}, "value": "1mM"}], [{"name": {"label": "inoculation_media", "sbh_uri": "NO PROGRAM DICTIONARY ENTRY"}, "value": "m9"}, {"name": {"label": "inoculation_media", "sbh_uri": "NO PROGRAM DICTIONARY ENTRY"}, "value": "s750"}, {"name": {"label": "inoculation_media", "sbh_uri": "NO PROGRAM DICTIONARY ENTRY"}, "value": "lb"}, {"name": {"label": "inoculation_media", "sbh_uri": "NO PROGRAM DICTIONARY ENTRY"}, "value": "sc_media"}, {"name": {"label": "inoculation_media", "sbh_uri": "NO PROGRAM DICTIONARY ENTRY"}, "value": "yapd"}], [{"name": {"label": "total_induction_time", "sbh_uri": "NO PROGRAM DICTIONARY ENTRY"}, "value": "1"}, {"name": {"label": "total_induction_time", "sbh_uri": "NO PROGRAM DICTIONARY ENTRY"}, "value": "24", "unit": "unspecified"}]]}]}]}