{"name": "YeastSTATES CRISPR Growth Curves Request (422936)", "experiment_id": "experiment.tacc.TBD", "challenge_problem": "YEAST_STATES", "experiment_reference": "YeastSTATES-CRISPR-Growth-Curves-422936", "experiment_reference_url": "https://docs.google.com/document/d/1IlR2-ufP_vVfHt15uYocExhyQfEkPnOljYf3Y-rB08g", "experiment_version": 1, "lab": "Transcriptic", "runs": [{"measurements": [{"measurement_type": "PLATE_READER", "file_type": ["CSV"], "replicates": 12, "strains": ["UWBF_24959", "UWBF_24960", "UWBF_24961", "UWBF_24962", "UWBF_24963", "UWBF_25784"], "timepoints": [{"value": 1.0, "unit": "hour"}, {"value": 3.0, "unit": "hour"}, {"value": 6.0, "unit": "hour"}, {"value": 9.0, "unit": "hour"}, {"value": 12.0, "unit": "hour"}, {"value": 15.0, "unit": "hour"}, {"value": 18.0, "unit": "hour"}, {"value": 21.0, "unit": "hour"}, {"value": 24.0, "unit": "hour"}], "temperatures": [{"value": 30.0, "unit": "celsius"}], "contents": [[{"name": {"label": "Media", "sbh_uri": "NO PROGRAM DICTIONARY ENTRY"}, "value": "sc_media"}, {"name": {"label": "Media", "sbh_uri": "NO PROGRAM DICTIONARY ENTRY"}, "value": "sc_media_200nm_be"}]]}, {"measurement_type": "PLATE_READER", "file_type": ["CSV"], "replicates": 3, "strains": ["UWBF_22800", "UWBF_22801", "UWBF_24864", "UWBF_23970", ""], "timepoints": [{"value": 1.0, "unit": "hour"}, {"value": 3.0, "unit": "hour"}, {"value": 6.0, "unit": "hour"}, {"value": 9.0, "unit": "hour"}, {"value": 12.0, "unit": "hour"}, {"value": 15.0, "unit": "hour"}, {"value": 18.0, "unit": "hour"}, {"value": 21.0, "unit": "hour"}, {"value": 24.0, "unit": "hour"}], "temperatures": [{"value": 30.0, "unit": "celsius"}], "contents": [[{"name": {"label": "Media", "sbh_uri": "NO PROGRAM DICTIONARY ENTRY"}, "value": "sc_media"}, {"name": {"label": "Media", "sbh_uri": "NO PROGRAM DICTIONARY ENTRY"}, "value": "sc_media_200nm_be"}]]}, {"measurement_type": "CONDITION_SPACE", "file_type": ["CSV"], "replicates": 20, "strains": ["UWBF_24926", "UWBF_24952", "UWBF_24959", "UWBF_24960", "UWBF_24961", "UWBF_24962", "UWBF_25784", "UWBF_6390", "UWBF_23970", "UWBF_24864"], "timepoints": [{"value": 1.0, "unit": "hour"}, {"value": 24.0, "unit": "hour"}], "temperatures": [{"value": 0.0, "unit": "celsius"}, {"value": 100.0, "unit": "celsius"}], "contents": [[{"name": {"label": "Media", "sbh_uri": "NO PROGRAM DICTIONARY ENTRY"}, "value": "m9"}, {"name": {"label": "Media", "sbh_uri": "NO PROGRAM DICTIONARY ENTRY"}, "value": "s750"}, {"name": {"label": "Media", "sbh_uri": "NO PROGRAM DICTIONARY ENTRY"}, "value": "lb"}, {"name": {"label": "Media", "sbh_uri": "NO PROGRAM DICTIONARY ENTRY"}, "value": "sc_media"}, {"name": {"label": "Media", "sbh_uri": "NO PROGRAM DICTIONARY ENTRY"}, "value": "sc_media_200nm_be"}, {"name": {"label": "Media", "sbh_uri": "NO PROGRAM DICTIONARY ENTRY"}, "value": "yapd"}]]}]}]}