{"name": "IntentParserCopy_of_YeastSTATES CRISPR Growth Curves with Plate Reader Optimization Request", "experiment_id": "experiment.tacc.TBD", "challenge_problem": "INTENT_PARSER_TEST", "experiment_reference": "IntentParserCopy_of_YeastSTATES CRISPR Growth Curves with Plate Reader Optimization Request", "experiment_reference_url": "https://docs.google.com/document/d/1TMNRf0CB_7wCQEq7Rq4_gfpcnRke7B-Px4c3ZFr7a4o", "experiment_version": 1, "lab": "Transcriptic", "runs": [{"measurements": [{"measurement_type": "PLATE_READER", "file_type": ["CSV"], "replicates": 12, "strains": ["UWBF_24959", "UWBF_24960", "UWBF_24961", "UWBF_24962", "UWBF_24963", "UWBF_25784"], "timepoints": [{"value": 1.0, "unit": "hour"}, {"value": 3.0, "unit": "hour"}, {"value": 6.0, "unit": "hour"}, {"value": 9.0, "unit": "hour"}, {"value": 12.0, "unit": "hour"}, {"value": 15.0, "unit": "hour"}, {"value": 18.0, "unit": "hour"}, {"value": 21.0, "unit": "hour"}, {"value": 24.0, "unit": "hour"}], "temperatures": [{"value": 30.0, "unit": "celsius"}], "contents": [[{"name": {"label": "Media", "sbh_uri": "NO PROGRAM DICTIONARY ENTRY"}, "value": "sc_media"}, {"name": {"label": "Media", "sbh_uri": "NO PROGRAM DICTIONARY ENTRY"}, "value": "sc_media_200nm_be"}]]}, {"measurement_type": "PLATE_READER", "file_type": ["CSV"], "replicates": 3, "strains": ["UWBF_24864"], "timepoints": [{"value": 1.0, "unit": "hour"}, {"value": 3.0, "unit": "hour"}, {"value": 6.0, "unit": "hour"}, {"value": 9.0, "unit": "hour"}, {"value": 12.0, "unit": "hour"}, {"value": 15.0, "unit": "hour"}, {"value": 18.0, "unit": "hour"}, {"value": 21.0, "unit": "hour"}, {"value": 24.0, "unit": "hour"}], "temperatures": [{"value": 30.0, "unit": "celsius"}], "contents": [[{"name": {"label": "Media", "sbh_uri": "NO PROGRAM DICTIONARY ENTRY"}, "value": "sc_media"}, {"name": {"label": "Media", "sbh_uri": "NO PROGRAM DICTIONARY ENTRY"}, "value": "sc_media_200nm_be"}]]}, {"measurement_type": "PLATE_READER", "file_type": ["CSV"], "replicates": 3, "strains": ["UWBF_23970"], "timepoints": [{"value": 1.0, "unit": "hour"}, {"value": 3.0, "unit": "hour"}, {"value": 6.0, "unit": "hour"}, {"value": 9.0, "unit": "hour"}, {"value": 12.0, "unit": "hour"}, {"value": 15.0, "unit": "hour"}, {"value": 18.0, "unit": "hour"}, {"value": 21.0, "unit": "hour"}, {"value": 24.0, "unit": "hour"}], "temperatures": [{"value": 30.0, "unit": "celsius"}], "contents": [[{"name": {"label": "Media", "sbh_uri": "NO PROGRAM DICTIONARY ENTRY"}, "value": "sc_media"}, {"name": {"label": "Media", "sbh_uri": "NO PROGRAM DICTIONARY ENTRY"}, "value": "sc_media_200nm_be"}]]}, {"measurement_type": "PLATE_READER", "file_type": ["CSV"], "replicates": 3, "strains": ["UWBF_22800", "UWBF_22801"], "timepoints": [{"value": 1.0, "unit": "hour"}, {"value": 3.0, "unit": "hour"}, {"value": 6.0, "unit": "hour"}, {"value": 9.0, "unit": "hour"}, {"value": 12.0, "unit": "hour"}, {"value": 15.0, "unit": "hour"}, {"value": 18.0, "unit": "hour"}, {"value": 21.0, "unit": "hour"}, {"value": 24.0, "unit": "hour"}], "temperatures": [{"value": 30.0, "unit": "celsius"}], "contents": [[{"name": {"label": "Media", "sbh_uri": "NO PROGRAM DICTIONARY ENTRY"}, "value": "sc_media"}, {"name": {"label": "Media", "sbh_uri": "NO PROGRAM DICTIONARY ENTRY"}, "value": "sc_media_200nm_be"}]]}, {"measurement_type": "CONDITION_SPACE", "file_type": ["CSV"], "replicates": 20, "strains": ["UWBF_24959", "UWBF_24960", "UWBF_24961", "UWBF_24962", "UWBF_24963", "UWBF_24864", "UWBF_23970", "UWBF_22800", "UWBF_22801"], "timepoints": [{"value": 1.0, "unit": "hour"}, {"value": 24.0, "unit": "hour"}], "temperatures": [{"value": 0.0, "unit": "celsius"}, {"value": 100.0, "unit": "celsius"}], "contents": [[{"name": {"label": "Media", "sbh_uri": "NO PROGRAM DICTIONARY ENTRY"}, "value": "m9"}, {"name": {"label": "Media", "sbh_uri": "NO PROGRAM DICTIONARY ENTRY"}, "value": "s750"}, {"name": {"label": "Media", "sbh_uri": "NO PROGRAM DICTIONARY ENTRY"}, "value": "lb"}, {"name": {"label": "Media", "sbh_uri": "NO PROGRAM DICTIONARY ENTRY"}, "value": "sc_media"}, {"name": {"label": "Media", "sbh_uri": "NO PROGRAM DICTIONARY ENTRY"}, "value": "sc_media_200nm_be"}, {"name": {"label": "Media", "sbh_uri": "NO PROGRAM DICTIONARY ENTRY"}, "value": "yapd"}]]}]}]}