{"name": "IntentParserCopy_of_CP_NovelChassis_OR_Circuit_Cycle0_8hour ", "experiment_id": "experiment.tacc.TBD", "challenge_problem": "INTENT_PARSER_TEST", "experiment_reference": "IntentParserCopy_of_CP_NovelChassis_OR_Circuit_Cycle0_8hour ", "experiment_reference_url": "https://docs.google.com/document/d/1usvQw8uwvg61j7gnaEE3eSl7y69rdQYirnkNIzLdKdQ", "experiment_version": 1, "lab": "Transcriptic", "runs": [{"measurements": [{"measurement_type": "PLATE_READER", "file_type": ["CSV"], "replicates": 2, "strains": ["B_subtilis_WT_JH642_Colony_1", "B_subtilis_WT_JH642_Colony_2", "B_subtilis_WT_JH642_Colony_3", "B_subtilis_WT_PY79_Colony_1", "B_subtilis_WT_PY79_Colony_2", "B_subtilis_WT_PY79_Colony_3", "B_subtilis_LG227_Colony_1", "B_subtilis_LG227_Colony_2", "B_subtilis_LG227_Colony_3", "B_subtilis_LG371_Colony_1", "B_subtilis_LG371_Colony_2", "B_subtilis_LG371_Colony_3", "B_subtilis_GFP_min_Colony_1", "B_subtilis_GFP_min_Colony_2", "B_subtilis_GFP_min_Colony_3", "B_subtilis_GFP_medium_Colony_1", "B_subtilis_GFP_medium_Colony_2", "B_subtilis_GFP_medium_Colony_3", "B_subtilis_GFP_max_Colony_1", "B_subtilis_GFP_max_Colony_2", "B_subtilis_GFP_max_Colony_3"], "timepoints": [{"value": 0.0, "unit": "hour"}, {"value": 0.5, "unit": "hour"}, {"value": 1.0, "unit": "hour"}, {"value": 1.5, "unit": "hour"}, {"value": 2.0, "unit": "hour"}, {"value": 2.5, "unit": "hour"}, {"value": 3.0, "unit": "hour"}, {"value": 3.5, "unit": "hour"}, {"value": 4.0, "unit": "hour"}, {"value": 4.5, "unit": "hour"}, {"value": 5.0, "unit": "hour"}, {"value": 5.5, "unit": "hour"}, {"value": 6.0, "unit": "hour"}, {"value": 6.5, "unit": "hour"}, {"value": 7.0, "unit": "hour"}, {"value": 7.5, "unit": "hour"}, {"value": 8.0, "unit": "hour"}], "temperatures": [{"value": 30.0, "unit": "celsius"}, {"value": 35.0, "unit": "celsius"}], "contents": [[{"name": {"label": "iptg_and_cuminic_acid", "sbh_uri": "https://hub.sd2e.org/user/sd2e/design/Cuminic0x20Acid0x200x2B0x20IPTG/1"}, "value": "0", "unit": "mM"}, {"name": {"label": "iptg_and_cuminic_acid", "sbh_uri": "https://hub.sd2e.org/user/sd2e/design/Cuminic0x20Acid0x200x2B0x20IPTG/1"}, "value": "1", "unit": "mM"}], [{"name": {"label": "Media", "sbh_uri": "https://hub.sd2e.org/user/sd2e/design/Media/1"}, "value": "S750 Minimal Media"}]]}, {"measurement_type": "PLATE_READER", "file_type": ["CSV"], "replicates": 5, "timepoints": [{"value": 0.0, "unit": "hour"}, {"value": 0.5, "unit": "hour"}, {"value": 1.0, "unit": "hour"}, {"value": 1.5, "unit": "hour"}, {"value": 2.0, "unit": "hour"}, {"value": 2.5, "unit": "hour"}, {"value": 3.0, "unit": "hour"}, {"value": 3.5, "unit": "hour"}, {"value": 4.0, "unit": "hour"}, {"value": 4.5, "unit": "hour"}, {"value": 5.0, "unit": "hour"}, {"value": 5.5, "unit": "hour"}, {"value": 6.0, "unit": "hour"}, {"value": 6.5, "unit": "hour"}, {"value": 7.0, "unit": "hour"}, {"value": 7.5, "unit": "hour"}, {"value": 8.0, "unit": "hour"}], "temperatures": [{"value": 30.0, "unit": "celsius"}, {"value": 35.0, "unit": "celsius"}], "contents": [[{"name": {"label": "iptg_and_cuminic_acid", "sbh_uri": "https://hub.sd2e.org/user/sd2e/design/Cuminic0x20Acid0x200x2B0x20IPTG/1"}, "value": "0", "unit": "mM"}, {"name": {"label": "iptg_and_cuminic_acid", "sbh_uri": "https://hub.sd2e.org/user/sd2e/design/Cuminic0x20Acid0x200x2B0x20IPTG/1"}, "value": "1", "unit": "mM"}], [{"name": {"label": "Media", "sbh_uri": "https://hub.sd2e.org/user/sd2e/design/Media/1"}, "value": "S750 Minimal Media"}]]}, {"measurement_type": "PLATE_READER", "file_type": ["CSV"], "replicates": 2, "strains": ["B_subtilis_WT_JH642_Colony_1", "B_subtilis_WT_JH642_Colony_2", "B_subtilis_WT_JH642_Colony_3", "B_subtilis_WT_PY79_Colony_1", "B_subtilis_WT_PY79_Colony_2", "B_subtilis_WT_PY79_Colony_3", "B_subtilis_LG227_Colony_1", "B_subtilis_LG227_Colony_2", "B_subtilis_LG227_Colony_3", "B_subtilis_LG371_Colony_1", "B_subtilis_LG371_Colony_2", "B_subtilis_LG371_Colony_3", "B_subtilis_GFP_min_Colony_1", "B_subtilis_GFP_min_Colony_2", "B_subtilis_GFP_min_Colony_3", "B_subtilis_GFP_medium_Colony_1", "B_subtilis_GFP_medium_Colony_2", "B_subtilis_GFP_medium_Colony_3", "B_subtilis_GFP_max_Colony_1", "B_subtilis_GFP_max_Colony_2", "B_subtilis_GFP_max_Colony_3"], "timepoints": [{"value": 0.0, "unit": "hour"}, {"value": 0.5, "unit": "hour"}, {"value": 1.0, "unit": "hour"}, {"value": 1.5, "unit": "hour"}, {"value": 2.0, "unit": "hour"}, {"value": 2.5, "unit": "hour"}, {"value": 3.0, "unit": "hour"}, {"value": 3.5, "unit": "hour"}, {"value": 4.0, "unit": "hour"}, {"value": 4.5, "unit": "hour"}, {"value": 5.0, "unit": "hour"}, {"value": 5.5, "unit": "hour"}, {"value": 6.0, "unit": "hour"}, {"value": 6.5, "unit": "hour"}, {"value": 7.0, "unit": "hour"}, {"value": 7.5, "unit": "hour"}, {"value": 8.0, "unit": "hour"}], "temperatures": [{"value": 30.0, "unit": "celsius"}, {"value": 35.0, "unit": "celsius"}], "contents": [[{"name": {"label": "iptg_and_cuminic_acid", "sbh_uri": "https://hub.sd2e.org/user/sd2e/design/Cuminic0x20Acid0x200x2B0x20IPTG/1"}, "value": "0", "unit": "mM"}, {"name": {"label": "iptg_and_cuminic_acid", "sbh_uri": "https://hub.sd2e.org/user/sd2e/design/Cuminic0x20Acid0x200x2B0x20IPTG/1"}, "value": "1", "unit": "mM"}], [{"name": {"label": "Media", "sbh_uri": "https://hub.sd2e.org/user/sd2e/design/Media/1"}, "value": "Modified M9 Media"}]]}, {"measurement_type": "PLATE_READER", "file_type": ["CSV"], "replicates": 5, "timepoints": [{"value": 0.0, "unit": "hour"}, {"value": 0.5, "unit": "hour"}, {"value": 1.0, "unit": "hour"}, {"value": 1.5, "unit": "hour"}, {"value": 2.0, "unit": "hour"}, {"value": 2.5, "unit": "hour"}, {"value": 3.0, "unit": "hour"}, {"value": 3.5, "unit": "hour"}, {"value": 4.0, "unit": "hour"}, {"value": 4.5, "unit": "hour"}, {"value": 5.0, "unit": "hour"}, {"value": 5.5, "unit": "hour"}, {"value": 6.0, "unit": "hour"}, {"value": 6.5, "unit": "hour"}, {"value": 7.0, "unit": "hour"}, {"value": 7.5, "unit": "hour"}, {"value": 8.0, "unit": "hour"}], "temperatures": [{"value": 30.0, "unit": "celsius"}, {"value": 35.0, "unit": "celsius"}], "contents": [[{"name": {"label": "iptg_and_cuminic_acid", "sbh_uri": "https://hub.sd2e.org/user/sd2e/design/Cuminic0x20Acid0x200x2B0x20IPTG/1"}, "value": "0", "unit": "mM"}, {"name": {"label": "iptg_and_cuminic_acid", "sbh_uri": "https://hub.sd2e.org/user/sd2e/design/Cuminic0x20Acid0x200x2B0x20IPTG/1"}, "value": "1", "unit": "mM"}], [{"name": {"label": "Media", "sbh_uri": "https://hub.sd2e.org/user/sd2e/design/Media/1"}, "value": "Modified M9 Media"}]]}, {"measurement_type": "FLOW", "file_type": ["FCS"], "replicates": 2, "strains": ["B_subtilis_WT_JH642_Colony_1", "B_subtilis_WT_JH642_Colony_2", "B_subtilis_WT_JH642_Colony_3", "B_subtilis_WT_PY79_Colony_1", "B_subtilis_WT_PY79_Colony_2", "B_subtilis_WT_PY79_Colony_3", "B_subtilis_LG227_Colony_1", "B_subtilis_LG227_Colony_2", "B_subtilis_LG227_Colony_3", "B_subtilis_LG371_Colony_1", "B_subtilis_LG371_Colony_2", "B_subtilis_LG371_Colony_3", "B_subtilis_GFP_min_Colony_1", "B_subtilis_GFP_min_Colony_2", "B_subtilis_GFP_min_Colony_3", "B_subtilis_GFP_medium_Colony_1", "B_subtilis_GFP_medium_Colony_2", "B_subtilis_GFP_medium_Colony_3", "B_subtilis_GFP_max_Colony_1", "B_subtilis_GFP_max_Colony_2", "B_subtilis_GFP_max_Colony_3"], "timepoints": [{"value": 8.0, "unit": "hour"}], "temperatures": [{"value": 30.0, "unit": "celsius"}, {"value": 35.0, "unit": "celsius"}], "contents": [[{"name": {"label": "iptg_and_cuminic_acid", "sbh_uri": "https://hub.sd2e.org/user/sd2e/design/Cuminic0x20Acid0x200x2B0x20IPTG/1"}, "value": "0", "unit": "mM"}, {"name": {"label": "iptg_and_cuminic_acid", "sbh_uri": "https://hub.sd2e.org/user/sd2e/design/Cuminic0x20Acid0x200x2B0x20IPTG/1"}, "value": "1", "unit": "mM"}], [{"name": {"label": "Media", "sbh_uri": "https://hub.sd2e.org/user/sd2e/design/Media/1"}, "value": "S750 Minimal Media"}]]}, {"measurement_type": "FLOW", "file_type": ["FCS"], "replicates": 5, "timepoints": [{"value": 8.0, "unit": "hour"}], "temperatures": [{"value": 30.0, "unit": "celsius"}, {"value": 35.0, "unit": "celsius"}], "contents": [[{"name": {"label": "iptg_and_cuminic_acid", "sbh_uri": "https://hub.sd2e.org/user/sd2e/design/Cuminic0x20Acid0x200x2B0x20IPTG/1"}, "value": "0", "unit": "mM"}, {"name": {"label": "iptg_and_cuminic_acid", "sbh_uri": "https://hub.sd2e.org/user/sd2e/design/Cuminic0x20Acid0x200x2B0x20IPTG/1"}, "value": "1", "unit": "mM"}], [{"name": {"label": "Media", "sbh_uri": "https://hub.sd2e.org/user/sd2e/design/Media/1"}, "value": "S750 Minimal Media"}]]}, {"measurement_type": "FLOW", "file_type": ["FCS"], "replicates": 2, "strains": ["B_subtilis_WT_JH642_Colony_1", "B_subtilis_WT_JH642_Colony_2", "B_subtilis_WT_JH642_Colony_3", "B_subtilis_WT_PY79_Colony_1", "B_subtilis_WT_PY79_Colony_2", "B_subtilis_WT_PY79_Colony_3", "B_subtilis_LG227_Colony_1", "B_subtilis_LG227_Colony_2", "B_subtilis_LG227_Colony_3", "B_subtilis_LG371_Colony_1", "B_subtilis_LG371_Colony_2", "B_subtilis_LG371_Colony_3", "B_subtilis_GFP_min_Colony_1", "B_subtilis_GFP_min_Colony_2", "B_subtilis_GFP_min_Colony_3", "B_subtilis_GFP_medium_Colony_1", "B_subtilis_GFP_medium_Colony_2", "B_subtilis_GFP_medium_Colony_3", "B_subtilis_GFP_max_Colony_1", "B_subtilis_GFP_max_Colony_2", "B_subtilis_GFP_max_Colony_3"], "timepoints": [{"value": 8.0, "unit": "hour"}], "temperatures": [{"value": 30.0, "unit": "celsius"}, {"value": 35.0, "unit": "celsius"}], "contents": [[{"name": {"label": "iptg_and_cuminic_acid", "sbh_uri": "https://hub.sd2e.org/user/sd2e/design/Cuminic0x20Acid0x200x2B0x20IPTG/1"}, "value": "0", "unit": "mM"}, {"name": {"label": "iptg_and_cuminic_acid", "sbh_uri": "https://hub.sd2e.org/user/sd2e/design/Cuminic0x20Acid0x200x2B0x20IPTG/1"}, "value": "1", "unit": "mM"}], [{"name": {"label": "Media", "sbh_uri": "https://hub.sd2e.org/user/sd2e/design/Media/1"}, "value": "Modified M9 Media"}]]}, {"measurement_type": "FLOW", "file_type": ["FCS"], "replicates": 5, "timepoints": [{"value": 8.0, "unit": "hour"}], "temperatures": [{"value": 30.0, "unit": "celsius"}, {"value": 35.0, "unit": "celsius"}], "contents": [[{"name": {"label": "iptg_and_cuminic_acid", "sbh_uri": "https://hub.sd2e.org/user/sd2e/design/Cuminic0x20Acid0x200x2B0x20IPTG/1"}, "value": "0", "unit": "mM"}, {"name": {"label": "iptg_and_cuminic_acid", "sbh_uri": "https://hub.sd2e.org/user/sd2e/design/Cuminic0x20Acid0x200x2B0x20IPTG/1"}, "value": "1", "unit": "mM"}], [{"name": {"label": "Media", "sbh_uri": "https://hub.sd2e.org/user/sd2e/design/Media/1"}, "value": "Modified M9 Media"}]]}, {"measurement_type": "CONDITION_SPACE", "file_type": ["CSV", "FCS"], "replicates": 20, "strains": ["B_subtilis_WT_JH642_Colony_1", "B_subtilis_WT_JH642_Colony_2", "B_subtilis_WT_JH642_Colony_3", "B_subtilis_WT_PY79_Colony_1", "B_subtilis_WT_PY79_Colony_2", "B_subtilis_WT_PY79_Colony_3", "B_subtilis_LG227_Colony_1", "B_subtilis_LG227_Colony_2", "B_subtilis_LG227_Colony_3", "B_subtilis_LG371_Colony_1", "B_subtilis_LG371_Colony_2", "B_subtilis_LG371_Colony_3", "B_subtilis_GFP_min_Colony_1", "B_subtilis_GFP_min_Colony_2", "B_subtilis_GFP_min_Colony_3", "B_subtilis_GFP_medium_Colony_1", "B_subtilis_GFP_medium_Colony_2", "B_subtilis_GFP_medium_Colony_3", "B_subtilis_GFP_max_Colony_1", "B_subtilis_GFP_max_Colony_2", "B_subtilis_GFP_max_Colony_3", "\u201c\u201d"], "timepoints": [{"value": 0.0, "unit": "hour"}, {"value": 30.0, "unit": "hour"}], "temperatures": [{"value": 0.0, "unit": "celsius"}, {"value": 100.0, "unit": "celsius"}], "contents": [[{"name": {"label": "iptg_and_cuminic_acid", "sbh_uri": "https://hub.sd2e.org/user/sd2e/design/Cuminic0x20Acid0x200x2B0x20IPTG/1"}, "value": "0", "unit": "mM"}, {"name": {"label": "iptg_and_cuminic_acid", "sbh_uri": "https://hub.sd2e.org/user/sd2e/design/Cuminic0x20Acid0x200x2B0x20IPTG/1"}, "value": "1", "unit": "mM"}], [{"name": {"label": "Media", "sbh_uri": "https://hub.sd2e.org/user/sd2e/design/Media/1"}, "value": "S750 Minimal Media"}, {"name": {"label": "Media", "sbh_uri": "https://hub.sd2e.org/user/sd2e/design/Media/1"}, "value": "Modified M9 Media"}]]}]}]}