{"name": "CEN.PK Inducible CRISPR Characterization Request", "experiment_id": "experiment.tacc.TBD", "challenge_problem": "YEAST_STATES", "experiment_reference": "CEN-PK-Inducible-CRISPR-Characterization", "experiment_reference_url": "https://docs.google.com/document/d/1v5UHLS4qvVovMK8GP9MgoboiPGsg_YzgyE9H4E5DTHg", "experiment_version": 1, "lab": "Transcriptic", "runs": [{"measurements": [{"measurement_type": "PLATE_READER", "file_type": ["CSV"], "replicates": 10, "strains": ["UWBF_24926", "UWBF_24952", "UWBF_24959", "UWBF_24960", "UWBF_25784", "UWBF_24962", "UWBF_24963", "UWBF_24961"], "timepoints": [{"value": 18.0, "unit": "hour"}, {"value": 26.0, "unit": "hour"}, {"value": 42.0, "unit": "hour"}, {"value": 50.0, "unit": "hour"}, {"value": 66.0, "unit": "hour"}], "temperatures": [{"value": 30.0, "unit": "celsius"}], "contents": [[{"name": {"label": "Media", "sbh_uri": "https://hub.sd2e.org/user/sd2e/design/Media/1"}, "value": "sc_media"}], [{"name": {"label": "Dilution factor", "sbh_uri": "NO PROGRAM DICTIONARY ENTRY"}, "value": "51", "unit": "X"}], [{"name": {"label": "SC Media @ 18 hours", "sbh_uri": "https://hub.sd2e.org/user/sd2e/design/culture_media_1/1"}, "value": "0", "unit": "mM"}], [{"name": {"label": "BE @ 18 hours", "sbh_uri": "https://hub.sd2e.org/user/sd2e/design/beta0x2Destradiol/1"}, "value": "0.05", "unit": "M"}], [{"name": {"label": "SC Media @ 42 hours", "sbh_uri": "https://hub.sd2e.org/user/sd2e/design/culture_media_1/1"}, "value": "0", "unit": "mM"}], [{"name": {"label": "BE @ 42 hours", "sbh_uri": "https://hub.sd2e.org/user/sd2e/design/beta0x2Destradiol/1"}, "value": "0", "unit": "M"}]]}, {"measurement_type": "PLATE_READER", "file_type": ["CSV"], "replicates": 3, "strains": ["UWBF_6390", "UWBF_23970", "UWBF_24864", "UWBF_32302"], "timepoints": [{"value": 18.0, "unit": "hour"}, {"value": 26.0, "unit": "hour"}, {"value": 42.0, "unit": "hour"}, {"value": 50.0, "unit": "hour"}, {"value": 66.0, "unit": "hour"}], "temperatures": [{"value": 30.0, "unit": "celsius"}], "contents": [[{"name": {"label": "Media", "sbh_uri": "https://hub.sd2e.org/user/sd2e/design/Media/1"}, "value": "sc_media"}], [{"name": {"label": "Dilution factor", "sbh_uri": "NO PROGRAM DICTIONARY ENTRY"}, "value": "51", "unit": "X"}], [{"name": {"label": "SC Media @ 18 hours", "sbh_uri": "https://hub.sd2e.org/user/sd2e/design/culture_media_1/1"}, "value": "0", "unit": "mM"}], [{"name": {"label": "BE @ 18 hours", "sbh_uri": "https://hub.sd2e.org/user/sd2e/design/beta0x2Destradiol/1"}, "value": "0", "unit": "M"}], [{"name": {"label": "SC Media @ 42 hours", "sbh_uri": "https://hub.sd2e.org/user/sd2e/design/culture_media_1/1"}, "value": "0", "unit": "mM"}], [{"name": {"label": "BE @ 42 hours", "sbh_uri": "https://hub.sd2e.org/user/sd2e/design/beta0x2Destradiol/1"}, "value": "0", "unit": "M"}]]}, {"measurement_type": "PLATE_READER", "file_type": ["CSV"], "replicates": 4, "strains": [""], "timepoints": [{"value": 18.0, "unit": "hour"}, {"value": 26.0, "unit": "hour"}, {"value": 42.0, "unit": "hour"}, {"value": 50.0, "unit": "hour"}, {"value": 66.0, "unit": "hour"}], "temperatures": [{"value": 30.0, "unit": "celsius"}], "contents": [[{"name": {"label": "Media", "sbh_uri": "https://hub.sd2e.org/user/sd2e/design/Media/1"}, "value": "sc_media"}], [{"name": {"label": "Dilution factor", "sbh_uri": "NO PROGRAM DICTIONARY ENTRY"}, "value": "51", "unit": "X"}], [{"name": {"label": "SC Media @ 18 hours", "sbh_uri": "https://hub.sd2e.org/user/sd2e/design/culture_media_1/1"}, "value": "0", "unit": "mM"}], [{"name": {"label": "BE @ 18 hours", "sbh_uri": "https://hub.sd2e.org/user/sd2e/design/beta0x2Destradiol/1"}, "value": "0", "unit": "M"}], [{"name": {"label": "SC Media @ 42 hours", "sbh_uri": "https://hub.sd2e.org/user/sd2e/design/culture_media_1/1"}, "value": "0", "unit": "mM"}], [{"name": {"label": "BE @ 42 hours", "sbh_uri": "https://hub.sd2e.org/user/sd2e/design/beta0x2Destradiol/1"}, "value": "0", "unit": "M"}]]}, {"measurement_type": "FLOW", "file_type": ["FCS"], "replicates": 10, "strains": ["UWBF_24926", "UWBF_24952", "UWBF_24959", "UWBF_24960", "UWBF_25784", "UWBF_24962", "UWBF_24963", "UWBF_24961"], "timepoints": [{"value": 18.0, "unit": "hour"}, {"value": 26.0, "unit": "hour"}, {"value": 42.0, "unit": "hour"}, {"value": 50.0, "unit": "hour"}, {"value": 66.0, "unit": "hour"}], "temperatures": [{"value": 30.0, "unit": "celsius"}], "contents": [[{"name": {"label": "Media", "sbh_uri": "https://hub.sd2e.org/user/sd2e/design/Media/1"}, "value": "sc_media"}], [{"name": {"label": "Dilution factor", "sbh_uri": "NO PROGRAM DICTIONARY ENTRY"}, "value": "51", "unit": "X"}], [{"name": {"label": "SC Media @ 18 hours", "sbh_uri": "https://hub.sd2e.org/user/sd2e/design/culture_media_1/1"}, "value": "0", "unit": "mM"}], [{"name": {"label": "BE @ 18 hours", "sbh_uri": "https://hub.sd2e.org/user/sd2e/design/beta0x2Destradiol/1"}, "value": "0.05", "unit": "M"}], [{"name": {"label": "SC Media @ 42 hours", "sbh_uri": "https://hub.sd2e.org/user/sd2e/design/culture_media_1/1"}, "value": "0", "unit": "mM"}], [{"name": {"label": "BE @ 42 hours", "sbh_uri": "https://hub.sd2e.org/user/sd2e/design/beta0x2Destradiol/1"}, "value": "0", "unit": "M"}]]}, {"measurement_type": "FLOW", "file_type": ["FCS"], "replicates": 3, "strains": ["UWBF_6390", "UWBF_23970", "UWBF_24864", "UWBF_32302"], "timepoints": [{"value": 18.0, "unit": "hour"}, {"value": 26.0, "unit": "hour"}, {"value": 42.0, "unit": "hour"}, {"value": 50.0, "unit": "hour"}, {"value": 66.0, "unit": "hour"}], "temperatures": [{"value": 30.0, "unit": "celsius"}], "contents": [[{"name": {"label": "Media", "sbh_uri": "https://hub.sd2e.org/user/sd2e/design/Media/1"}, "value": "sc_media"}], [{"name": {"label": "Dilution factor", "sbh_uri": "NO PROGRAM DICTIONARY ENTRY"}, "value": "51", "unit": "X"}], [{"name": {"label": "SC Media @ 18 hours", "sbh_uri": "https://hub.sd2e.org/user/sd2e/design/culture_media_1/1"}, "value": "0", "unit": "mM"}], [{"name": {"label": "BE @ 18 hours", "sbh_uri": "https://hub.sd2e.org/user/sd2e/design/beta0x2Destradiol/1"}, "value": "0", "unit": "M"}], [{"name": {"label": "SC Media @ 42 hours", "sbh_uri": "https://hub.sd2e.org/user/sd2e/design/culture_media_1/1"}, "value": "0", "unit": "mM"}], [{"name": {"label": "BE @ 42 hours", "sbh_uri": "https://hub.sd2e.org/user/sd2e/design/beta0x2Destradiol/1"}, "value": "0", "unit": "M"}]]}, {"measurement_type": "FLOW", "file_type": ["FCS"], "replicates": 4, "strains": [""], "timepoints": [{"value": 18.0, "unit": "hour"}, {"value": 26.0, "unit": "hour"}, {"value": 42.0, "unit": "hour"}, {"value": 50.0, "unit": "hour"}, {"value": 66.0, "unit": "hour"}], "temperatures": [{"value": 30.0, "unit": "celsius"}], "contents": [[{"name": {"label": "Media", "sbh_uri": "https://hub.sd2e.org/user/sd2e/design/Media/1"}, "value": "sc_media"}], [{"name": {"label": "Dilution factor", "sbh_uri": "NO PROGRAM DICTIONARY ENTRY"}, "value": "51", "unit": "X"}], [{"name": {"label": "SC Media @ 18 hours", "sbh_uri": "https://hub.sd2e.org/user/sd2e/design/culture_media_1/1"}, "value": "0", "unit": "mM"}], [{"name": {"label": "BE @ 18 hours", "sbh_uri": "https://hub.sd2e.org/user/sd2e/design/beta0x2Destradiol/1"}, "value": "0", "unit": "M"}], [{"name": {"label": "SC Media @ 42 hours", "sbh_uri": "https://hub.sd2e.org/user/sd2e/design/culture_media_1/1"}, "value": "0", "unit": "mM"}], [{"name": {"label": "BE @ 42 hours", "sbh_uri": "https://hub.sd2e.org/user/sd2e/design/beta0x2Destradiol/1"}, "value": "0", "unit": "M"}]]}, {"measurement_type": "CONDITION_SPACE", "file_type": ["CSV", "FCS"], "replicates": 20, "strains": ["UWBF_24926", "UWBF_24952", "UWBF_24959", "UWBF_24960", "UWBF_25784", "UWBF_24962", "UWBF_24963", "UWBF_24961", "UWBF_6390", "UWBF_23970", "UWBF_24864", "UWBF_32302"], "timepoints": [{"value": 18.0, "unit": "hour"}, {"value": 26.0, "unit": "hour"}, {"value": 42.0, "unit": "hour"}, {"value": 50.0, "unit": "hour"}, {"value": 66.0, "unit": "hour"}], "temperatures": [{"value": 0.0, "unit": "celsius"}, {"value": 100.0, "unit": "celsius"}], "contents": [[{"name": {"label": "Media", "sbh_uri": "https://hub.sd2e.org/user/sd2e/design/Media/1"}, "value": "sc_media"}], [{"name": {"label": "Dilution factor", "sbh_uri": "NO PROGRAM DICTIONARY ENTRY"}, "value": "1"}, {"name": {"label": "Dilution factor", "sbh_uri": "NO PROGRAM DICTIONARY ENTRY"}, "value": "1000", "unit": "X"}], [{"name": {"label": "SC Media @ 18 hours", "sbh_uri": "https://hub.sd2e.org/user/sd2e/design/culture_media_1/1"}, "value": "0"}, {"name": {"label": "SC Media @ 18 hours", "sbh_uri": "https://hub.sd2e.org/user/sd2e/design/culture_media_1/1"}, "value": "1", "unit": "mM"}], [{"name": {"label": "BE @ 18 hours", "sbh_uri": "https://hub.sd2e.org/user/sd2e/design/beta0x2Destradiol/1"}, "value": "0"}, {"name": {"label": "BE @ 18 hours", "sbh_uri": "https://hub.sd2e.org/user/sd2e/design/beta0x2Destradiol/1"}, "value": "0.2", "unit": "M"}], [{"name": {"label": "SC Media @ 42 hours", "sbh_uri": "https://hub.sd2e.org/user/sd2e/design/culture_media_1/1"}, "value": "0"}, {"name": {"label": "SC Media @ 42 hours", "sbh_uri": "https://hub.sd2e.org/user/sd2e/design/culture_media_1/1"}, "value": "1", "unit": "mM"}], [{"name": {"label": "BE @ 42 hours", "sbh_uri": "https://hub.sd2e.org/user/sd2e/design/beta0x2Destradiol/1"}, "value": "0"}, {"name": {"label": "BE @ 42 hours", "sbh_uri": "https://hub.sd2e.org/user/sd2e/design/beta0x2Destradiol/1"}, "value": "1", "unit": "M"}]]}]}]}