{"name": "YeastSTATES CRISPR Dose Response Request", "experiment_id": "experiment.tacc.TBD", "challenge_problem": "YEAST_STATES", "experiment_reference": "YeastSTATES-CRISPR-Dose-Response", "experiment_reference_url": "https://docs.google.com/document/d/1WOa8crKEpJX0ZFJv4NtMjVaI-35__sdEMc5aPxb1al4", "experiment_version": 1, "lab": "Transcriptic", "runs": [{"measurements": [{"measurement_type": "PLATE_READER", "file_type": ["CSV"], "replicates": 2, "strains": ["UWBF_24926", "UWBF_24952", "UWBF_24959", "UWBF_24960", "UWBF_24961", "UWBF_24962"], "timepoints": [{"value": 0.0, "unit": "hour"}, {"value": 6.0, "unit": "hour"}, {"value": 12.0, "unit": "hour"}, {"value": 18.0, "unit": "hour"}, {"value": 24.0, "unit": "hour"}, {"value": 30.0, "unit": "hour"}], "temperatures": [{"value": 30.0, "unit": "celsius"}, {"value": 35.0, "unit": "celsius"}], "contents": [[{"name": {"label": "beta_estradiol", "sbh_uri": "https://hub.sd2e.org/user/sd2e/design/beta0x2Destradiol/1"}, "value": "0.0", "unit": "unspecified"}, {"name": {"label": "beta_estradiol", "sbh_uri": "https://hub.sd2e.org/user/sd2e/design/beta0x2Destradiol/1"}, "value": "1.6e-06", "unit": "unspecified"}, {"name": {"label": "beta_estradiol", "sbh_uri": "https://hub.sd2e.org/user/sd2e/design/beta0x2Destradiol/1"}, "value": "2.5e-06", "unit": "unspecified"}, {"name": {"label": "beta_estradiol", "sbh_uri": "https://hub.sd2e.org/user/sd2e/design/beta0x2Destradiol/1"}, "value": "4e-06", "unit": "unspecified"}, {"name": {"label": "beta_estradiol", "sbh_uri": "https://hub.sd2e.org/user/sd2e/design/beta0x2Destradiol/1"}, "value": "6.3e-06", "unit": "unspecified"}, {"name": {"label": "beta_estradiol", "sbh_uri": "https://hub.sd2e.org/user/sd2e/design/beta0x2Destradiol/1"}, "value": "1e-05", "unit": "unspecified"}, {"name": {"label": "beta_estradiol", "sbh_uri": "https://hub.sd2e.org/user/sd2e/design/beta0x2Destradiol/1"}, "value": "1.58e-05", "unit": "unspecified"}, {"name": {"label": "beta_estradiol", "sbh_uri": "https://hub.sd2e.org/user/sd2e/design/beta0x2Destradiol/1"}, "value": "2.51e-05", "unit": "unspecified"}, {"name": {"label": "beta_estradiol", "sbh_uri": "https://hub.sd2e.org/user/sd2e/design/beta0x2Destradiol/1"}, "value": "3.98e-05", "unit": "unspecified"}, {"name": {"label": "beta_estradiol", "sbh_uri": "https://hub.sd2e.org/user/sd2e/design/beta0x2Destradiol/1"}, "value": "6.31e-05", "unit": "unspecified"}, {"name": {"label": "beta_estradiol", "sbh_uri": "https://hub.sd2e.org/user/sd2e/design/beta0x2Destradiol/1"}, "value": "0.0001", "unit": "unspecified"}, {"name": {"label": "beta_estradiol", "sbh_uri": "https://hub.sd2e.org/user/sd2e/design/beta0x2Destradiol/1"}, "value": "0.0002", "unit": "unspecified"}]]}, {"measurement_type": "PLATE_READER", "file_type": ["CSV"], "replicates": 2, "strains": ["UWBF_25784"], "timepoints": [{"value": 0.0, "unit": "hour"}, {"value": 6.0, "unit": "hour"}, {"value": 12.0, "unit": "hour"}, {"value": 18.0, "unit": "hour"}, {"value": 24.0, "unit": "hour"}, {"value": 30.0, "unit": "hour"}], "temperatures": [{"value": 30.0, "unit": "celsius"}, {"value": 35.0, "unit": "celsius"}], "contents": [[{"name": {"label": "beta_estradiol", "sbh_uri": "https://hub.sd2e.org/user/sd2e/design/beta0x2Destradiol/1"}, "value": "0.0", "unit": "unspecified"}, {"name": {"label": "beta_estradiol", "sbh_uri": "https://hub.sd2e.org/user/sd2e/design/beta0x2Destradiol/1"}, "value": "1.6e-06", "unit": "unspecified"}, {"name": {"label": "beta_estradiol", "sbh_uri": "https://hub.sd2e.org/user/sd2e/design/beta0x2Destradiol/1"}, "value": "2.5e-06", "unit": "unspecified"}, {"name": {"label": "beta_estradiol", "sbh_uri": "https://hub.sd2e.org/user/sd2e/design/beta0x2Destradiol/1"}, "value": "4e-06", "unit": "unspecified"}, {"name": {"label": "beta_estradiol", "sbh_uri": "https://hub.sd2e.org/user/sd2e/design/beta0x2Destradiol/1"}, "value": "6.3e-06", "unit": "unspecified"}, {"name": {"label": "beta_estradiol", "sbh_uri": "https://hub.sd2e.org/user/sd2e/design/beta0x2Destradiol/1"}, "value": "1e-05", "unit": "unspecified"}, {"name": {"label": "beta_estradiol", "sbh_uri": "https://hub.sd2e.org/user/sd2e/design/beta0x2Destradiol/1"}, "value": "1.58e-05", "unit": "unspecified"}, {"name": {"label": "beta_estradiol", "sbh_uri": "https://hub.sd2e.org/user/sd2e/design/beta0x2Destradiol/1"}, "value": "2.51e-05", "unit": "unspecified"}, {"name": {"label": "beta_estradiol", "sbh_uri": "https://hub.sd2e.org/user/sd2e/design/beta0x2Destradiol/1"}, "value": "3.98e-05", "unit": "unspecified"}, {"name": {"label": "beta_estradiol", "sbh_uri": "https://hub.sd2e.org/user/sd2e/design/beta0x2Destradiol/1"}, "value": "6.31e-05", "unit": "unspecified"}, {"name": {"label": "beta_estradiol", "sbh_uri": "https://hub.sd2e.org/user/sd2e/design/beta0x2Destradiol/1"}, "value": "0.0001", "unit": "unspecified"}, {"name": {"label": "beta_estradiol", "sbh_uri": "https://hub.sd2e.org/user/sd2e/design/beta0x2Destradiol/1"}, "value": "0.0002", "unit": "unspecified"}]]}, {"measurement_type": "PLATE_READER", "file_type": ["CSV"], "replicates": 6, "strains": ["UWBF_24864", "UWBF_23970", "UWBF_6390"], "timepoints": [{"value": 0.0, "unit": "hour"}, {"value": 6.0, "unit": "hour"}, {"value": 12.0, "unit": "hour"}, {"value": 18.0, "unit": "hour"}, {"value": 24.0, "unit": "hour"}, {"value": 30.0, "unit": "hour"}], "temperatures": [{"value": 30.0, "unit": "celsius"}, {"value": 35.0, "unit": "celsius"}]}, {"measurement_type": "FLOW", "file_type": ["CSV"], "replicates": 2, "strains": ["UWBF_24926", "UWBF_24952", "UWBF_24959", "UWBF_24960", "UWBF_24961", "UWBF_24962"], "timepoints": [{"value": 30.0, "unit": "hour"}], "temperatures": [{"value": 30.0, "unit": "celsius"}, {"value": 35.0, "unit": "celsius"}], "contents": [[{"name": {"label": "beta_estradiol", "sbh_uri": "https://hub.sd2e.org/user/sd2e/design/beta0x2Destradiol/1"}, "value": "0.0", "unit": "unspecified"}, {"name": {"label": "beta_estradiol", "sbh_uri": "https://hub.sd2e.org/user/sd2e/design/beta0x2Destradiol/1"}, "value": "1.6e-06", "unit": "unspecified"}, {"name": {"label": "beta_estradiol", "sbh_uri": "https://hub.sd2e.org/user/sd2e/design/beta0x2Destradiol/1"}, "value": "2.5e-06", "unit": "unspecified"}, {"name": {"label": "beta_estradiol", "sbh_uri": "https://hub.sd2e.org/user/sd2e/design/beta0x2Destradiol/1"}, "value": "4e-06", "unit": "unspecified"}, {"name": {"label": "beta_estradiol", "sbh_uri": "https://hub.sd2e.org/user/sd2e/design/beta0x2Destradiol/1"}, "value": "6.3e-06", "unit": "unspecified"}, {"name": {"label": "beta_estradiol", "sbh_uri": "https://hub.sd2e.org/user/sd2e/design/beta0x2Destradiol/1"}, "value": "1e-05", "unit": "unspecified"}, {"name": {"label": "beta_estradiol", "sbh_uri": "https://hub.sd2e.org/user/sd2e/design/beta0x2Destradiol/1"}, "value": "1.58e-05", "unit": "unspecified"}, {"name": {"label": "beta_estradiol", "sbh_uri": "https://hub.sd2e.org/user/sd2e/design/beta0x2Destradiol/1"}, "value": "2.51e-05", "unit": "unspecified"}, {"name": {"label": "beta_estradiol", "sbh_uri": "https://hub.sd2e.org/user/sd2e/design/beta0x2Destradiol/1"}, "value": "3.98e-05", "unit": "unspecified"}, {"name": {"label": "beta_estradiol", "sbh_uri": "https://hub.sd2e.org/user/sd2e/design/beta0x2Destradiol/1"}, "value": "6.31e-05", "unit": "unspecified"}, {"name": {"label": "beta_estradiol", "sbh_uri": "https://hub.sd2e.org/user/sd2e/design/beta0x2Destradiol/1"}, "value": "0.0001", "unit": "unspecified"}, {"name": {"label": "beta_estradiol", "sbh_uri": "https://hub.sd2e.org/user/sd2e/design/beta0x2Destradiol/1"}, "value": "0.0002", "unit": "unspecified"}]]}, {"measurement_type": "FLOW", "file_type": ["CSV"], "replicates": 2, "strains": ["UWBF_25784"], "timepoints": [{"value": 30.0, "unit": "hour"}], "temperatures": [{"value": 30.0, "unit": "celsius"}, {"value": 35.0, "unit": "celsius"}], "contents": [[{"name": {"label": "beta_estradiol", "sbh_uri": "https://hub.sd2e.org/user/sd2e/design/beta0x2Destradiol/1"}, "value": "0.0", "unit": "unspecified"}, {"name": {"label": "beta_estradiol", "sbh_uri": "https://hub.sd2e.org/user/sd2e/design/beta0x2Destradiol/1"}, "value": "1.6e-06", "unit": "unspecified"}, {"name": {"label": "beta_estradiol", "sbh_uri": "https://hub.sd2e.org/user/sd2e/design/beta0x2Destradiol/1"}, "value": "2.5e-06", "unit": "unspecified"}, {"name": {"label": "beta_estradiol", "sbh_uri": "https://hub.sd2e.org/user/sd2e/design/beta0x2Destradiol/1"}, "value": "4e-06", "unit": "unspecified"}, {"name": {"label": "beta_estradiol", "sbh_uri": "https://hub.sd2e.org/user/sd2e/design/beta0x2Destradiol/1"}, "value": "6.3e-06", "unit": "unspecified"}, {"name": {"label": "beta_estradiol", "sbh_uri": "https://hub.sd2e.org/user/sd2e/design/beta0x2Destradiol/1"}, "value": "1e-05", "unit": "unspecified"}, {"name": {"label": "beta_estradiol", "sbh_uri": "https://hub.sd2e.org/user/sd2e/design/beta0x2Destradiol/1"}, "value": "1.58e-05", "unit": "unspecified"}, {"name": {"label": "beta_estradiol", "sbh_uri": "https://hub.sd2e.org/user/sd2e/design/beta0x2Destradiol/1"}, "value": "2.51e-05", "unit": "unspecified"}, {"name": {"label": "beta_estradiol", "sbh_uri": "https://hub.sd2e.org/user/sd2e/design/beta0x2Destradiol/1"}, "value": "3.98e-05", "unit": "unspecified"}, {"name": {"label": "beta_estradiol", "sbh_uri": "https://hub.sd2e.org/user/sd2e/design/beta0x2Destradiol/1"}, "value": "6.31e-05", "unit": "unspecified"}, {"name": {"label": "beta_estradiol", "sbh_uri": "https://hub.sd2e.org/user/sd2e/design/beta0x2Destradiol/1"}, "value": "0.0001", "unit": "unspecified"}, {"name": {"label": "beta_estradiol", "sbh_uri": "https://hub.sd2e.org/user/sd2e/design/beta0x2Destradiol/1"}, "value": "0.0002", "unit": "unspecified"}]]}, {"measurement_type": "FLOW", "file_type": ["CSV"], "replicates": 6, "strains": ["UWBF_24864", "UWBF_23970", "UWBF_6390"], "timepoints": [{"value": 30.0, "unit": "hour"}], "temperatures": [{"value": 30.0, "unit": "celsius"}, {"value": 35.0, "unit": "celsius"}]}, {"measurement_type": "CONDITION_SPACE", "file_type": ["CSV"], "replicates": 20, "strains": ["UWBF_24926", "UWBF_24952", "UWBF_24959", "UWBF_24960", "UWBF_24961", "UWBF_24962", "UWBF_25784", "UWBF_6390", "UWBF_23970", "UWBF_24864"], "timepoints": [{"value": 1.0, "unit": "hour"}, {"value": 30.0, "unit": "hour"}], "temperatures": [{"value": 0.0, "unit": "celsius"}, {"value": 100.0, "unit": "celsius"}], "contents": [[{"name": {"label": "beta_estradiol", "sbh_uri": "https://hub.sd2e.org/user/sd2e/design/beta0x2Destradiol/1"}, "value": "0", "unit": "unspecified"}, {"name": {"label": "beta_estradiol", "sbh_uri": "https://hub.sd2e.org/user/sd2e/design/beta0x2Destradiol/1"}, "value": "2", "unit": "unspecified"}]]}]}]}