{"name": "Engineered CEN.PK2 DNASeq Experimental Request", "experiment_id": "experiment.tacc.TBD", "challenge_problem": "YEAST_STATES", "experiment_reference": "Engineered-CEN-PK2-DNASeq", "experiment_reference_url": "https://docs.google.com/document/d/1XFC1onvvrhggNHiAci-iu2msXZQg3_SyiGdKnKUwrpM", "experiment_version": 1, "lab": "Ginkgo", "runs": [{"measurements": [{"measurement_type": "DNA_SEQ", "file_type": ["CSV"], "replicates": 1, "strains": ["UWBF_22800", "UWBF_22801", "UWBF_27674", "UWBF_27351", "UWBF_27673"]}]}]}