{"name": "IntentParserCopy_of_CP_NovelChassis_OR_Circuit_Cycle0", "experiment_id": "experiment.tacc.TBD", "challenge_problem": "INTENT_PARSER_TEST", "experiment_reference": "IntentParserCopy-of-NovelChassis-OR-Circuit-Cycle0", "experiment_reference_url": "https://docs.google.com/document/d/1xsk7Qj_6_EVGr9UXN3IhiXt7HLICjMgIS0Q4LlJPu8o", "experiment_version": 1, "lab": "Ginkgo", "runs": [{"measurements": [{"measurement_type": "DNA_SEQ", "file_type": ["FASTQ"], "replicates": 2, "strains": ["B_subtilis_WT_JH642_Colony_1", "B_subtilis_WT_JH642_Colony_2", "B_subtilis_WT_JH642_Colony_3", "B_subtilis_WT_PY79_Colony_1", "B_subtilis_WT_PY79_Colony_2", "B_subtilis_WT_PY79_Colony_3", "B_subtilis_LG227_Colony_1", "B_subtilis_LG227_Colony_2", "B_subtilis_LG227_Colony_3", "B_subtilis_LG371_Colony_1", "B_subtilis_LG371_Colony_2", "B_subtilis_LG371_Colony_3", "B_subtilis_GFP_min_Colony_1", "B_subtilis_GFP_min_Colony_2", "B_subtilis_GFP_min_Colony_3", "B_subtilis_GFP_medium_Colony_1", "B_subtilis_GFP_medium_Colony_2", "B_subtilis_GFP_medium_Colony_3", "B_subtilis_GFP_max_Colony_1", "B_subtilis_GFP_max_Colony_2", "B_subtilis_GFP_max_Colony_3", "\u201c\u201d"], "timepoints": [{"value": 24.0, "unit": "hour"}], "temperatures": [{"value": 30.0, "unit": "celsius"}, {"value": 35.0, "unit": "celsius"}], "contents": [[{"name": {"label": "iptg_and_cuminic_acid", "sbh_uri": "https://hub.sd2e.org/user/sd2e/design/Cuminic0x20Acid0x200x2B0x20IPTG/1"}, "value": "0", "unit": "mM"}, {"name": {"label": "iptg_and_cuminic_acid", "sbh_uri": "https://hub.sd2e.org/user/sd2e/design/Cuminic0x20Acid0x200x2B0x20IPTG/1"}, "value": "1", "unit": "mM"}], [{"name": {"label": "Media", "sbh_uri": "https://hub.sd2e.org/user/sd2e/design/Inoculation0x20media/1"}, "value": "S750"}, {"name": {"label": "Media", "sbh_uri": "https://hub.sd2e.org/user/sd2e/design/Inoculation0x20media/1"}, "value": "Modified M9 Media"}]]}]}]}