{"name": "CP_Plan_Requirements_B_subtilis_inducer_RNASeq", "experiment_id": "experiment.tacc.TBD", "challenge_problem": "NOVEL_CHASSIS", "experiment_reference": "Plan-Requirements-B-subtilis-inducer-RNASeq", "experiment_reference_url": "https://docs.google.com/document/d/1ZPLjkEODVzRlqRA110cDVT3wK6nvvNr4wKMMPoDLnTY", "experiment_version": 1, "lab": "Ginkgo", "runs": [{"measurements": [{"measurement_type": "RNA_SEQ", "file_type": ["FASTQ"], "replicates": 4, "strains": ["Bacillus subtilis 168 Marburg WT"], "timepoints": [{"value": 0.0, "unit": "hour"}, {"value": 5.0, "unit": "hour"}, {"value": 18.0, "unit": "hour"}], "temperatures": [{"value": 30.0, "unit": "celsius"}], "contents": [[{"name": {"label": "IPTG", "sbh_uri": "NO PROGRAM DICTIONARY ENTRY"}, "value": "0mM"}], [{"name": {"label": "Vanillic Acid", "sbh_uri": "NO PROGRAM DICTIONARY ENTRY"}, "value": "0mM"}], [{"name": {"label": "Cuminic Acid", "sbh_uri": "NO PROGRAM DICTIONARY ENTRY"}, "value": "0mM"}], [{"name": {"label": "Xylose", "sbh_uri": "NO PROGRAM DICTIONARY ENTRY"}, "value": "0mM"}]]}, {"measurement_type": "RNA_SEQ", "file_type": ["FASTQ"], "replicates": 4, "strains": ["Bacillus subtilis 168 Marburg WT"], "timepoints": [{"value": 5.0, "unit": "hour"}, {"value": 18.0, "unit": "hour"}], "temperatures": [{"value": 30.0, "unit": "celsius"}], "contents": [[{"name": {"label": "IPTG", "sbh_uri": "NO PROGRAM DICTIONARY ENTRY"}, "value": "1mM"}]]}, {"measurement_type": "RNA_SEQ", "file_type": ["FASTQ"], "replicates": 4, "strains": ["Bacillus subtilis 168 Marburg WT"], "timepoints": [{"value": 5.0, "unit": "hour"}, {"value": 18.0, "unit": "hour"}], "temperatures": [{"value": 30.0, "unit": "celsius"}], "contents": [[{"name": {"label": "Vanillic Acid", "sbh_uri": "NO PROGRAM DICTIONARY ENTRY"}, "value": "1mM"}]]}, {"measurement_type": "RNA_SEQ", "file_type": ["FASTQ"], "replicates": 4, "strains": ["Bacillus subtilis 168 Marburg WT"], "timepoints": [{"value": 5.0, "unit": "hour"}, {"value": 18.0, "unit": "hour"}], "temperatures": [{"value": 30.0, "unit": "celsius"}], "contents": [[{"name": {"label": "Cuminic Acid", "sbh_uri": "NO PROGRAM DICTIONARY ENTRY"}, "value": "0.1", "unit": "mM"}]]}, {"measurement_type": "RNA_SEQ", "file_type": ["FASTQ"], "replicates": 4, "strains": ["Bacillus subtilis 168 Marburg WT"], "timepoints": [{"value": 5.0, "unit": "hour"}, {"value": 18.0, "unit": "hour"}], "temperatures": [{"value": 30.0, "unit": "celsius"}], "contents": [[{"name": {"label": "Xylose", "sbh_uri": "NO PROGRAM DICTIONARY ENTRY"}, "value": "1", "unit": "%"}]]}, {"measurement_type": "RNA_SEQ", "file_type": ["FASTQ"], "replicates": 4, "strains": ["Bacillus subtilis 168 Marburg WT"], "timepoints": [{"value": 5.0, "unit": "hour"}, {"value": 18.0, "unit": "hour"}], "temperatures": [{"value": 30.0, "unit": "celsius"}], "contents": [[{"name": {"label": "IPTG", "sbh_uri": "NO PROGRAM DICTIONARY ENTRY"}, "value": "1", "unit": "mM"}], [{"name": {"label": "Vanillic Acid", "sbh_uri": "NO PROGRAM DICTIONARY ENTRY"}, "value": "1", "unit": "mM"}]]}, {"measurement_type": "RNA_SEQ", "file_type": ["FASTQ"], "replicates": 4, "strains": ["Bacillus subtilis 168 Marburg WT"], "timepoints": [{"value": 5.0, "unit": "hour"}, {"value": 18.0, "unit": "hour"}], "temperatures": [{"value": 30.0, "unit": "celsius"}], "contents": [[{"name": {"label": "Vanillic Acid", "sbh_uri": "NO PROGRAM DICTIONARY ENTRY"}, "value": "1", "unit": "mM"}], [{"name": {"label": "Cuminic Acid", "sbh_uri": "NO PROGRAM DICTIONARY ENTRY"}, "value": "0.1", "unit": "mM"}]]}, {"measurement_type": "PLATE_READER", "file_type": ["CSV"], "replicates": 4, "strains": ["Bacillus subtilis 168 Marburg WT"], "timepoints": [{"value": 0.0, "unit": "hour"}, {"value": 5.0, "unit": "hour"}, {"value": 18.0, "unit": "hour"}], "temperatures": [{"value": 30.0, "unit": "celsius"}], "contents": [[{"name": {"label": "IPTG", "sbh_uri": "NO PROGRAM DICTIONARY ENTRY"}, "value": "0mM"}], [{"name": {"label": "Vanillic Acid", "sbh_uri": "NO PROGRAM DICTIONARY ENTRY"}, "value": "0mM"}], [{"name": {"label": "Cuminic Acid", "sbh_uri": "NO PROGRAM DICTIONARY ENTRY"}, "value": "0mM"}], [{"name": {"label": "Xylose", "sbh_uri": "NO PROGRAM DICTIONARY ENTRY"}, "value": "0mM"}]]}, {"measurement_type": "PLATE_READER", "file_type": ["CSV"], "replicates": 4, "strains": ["Bacillus subtilis 168 Marburg WT"], "timepoints": [{"value": 0.0, "unit": "hour"}, {"value": 5.0, "unit": "hour"}, {"value": 18.0, "unit": "hour"}], "temperatures": [{"value": 30.0, "unit": "celsius"}], "contents": [[{"name": {"label": "IPTG", "sbh_uri": "NO PROGRAM DICTIONARY ENTRY"}, "value": "1mM"}]]}, {"measurement_type": "PLATE_READER", "file_type": ["CSV"], "replicates": 4, "strains": ["Bacillus subtilis 168 Marburg WT"], "timepoints": [{"value": 0.0, "unit": "hour"}, {"value": 5.0, "unit": "hour"}, {"value": 18.0, "unit": "hour"}], "temperatures": [{"value": 30.0, "unit": "celsius"}], "contents": [[{"name": {"label": "Vanillic Acid", "sbh_uri": "NO PROGRAM DICTIONARY ENTRY"}, "value": "1mM"}]]}, {"measurement_type": "PLATE_READER", "file_type": ["CSV"], "replicates": 4, "strains": ["Bacillus subtilis 168 Marburg WT"], "timepoints": [{"value": 0.0, "unit": "hour"}, {"value": 5.0, "unit": "hour"}, {"value": 18.0, "unit": "hour"}], "temperatures": [{"value": 30.0, "unit": "celsius"}], "contents": [[{"name": {"label": "Cuminic Acid", "sbh_uri": "NO PROGRAM DICTIONARY ENTRY"}, "value": "0.1", "unit": "mM"}]]}, {"measurement_type": "PLATE_READER", "file_type": ["CSV"], "replicates": 4, "strains": ["Bacillus subtilis 168 Marburg WT"], "timepoints": [{"value": 0.0, "unit": "hour"}, {"value": 5.0, "unit": "hour"}, {"value": 18.0, "unit": "hour"}], "temperatures": [{"value": 30.0, "unit": "celsius"}], "contents": [[{"name": {"label": "Xylose", "sbh_uri": "NO PROGRAM DICTIONARY ENTRY"}, "value": "1", "unit": "%"}]]}, {"measurement_type": "PLATE_READER", "file_type": ["CSV"], "replicates": 4, "strains": ["Bacillus subtilis 168 Marburg WT"], "timepoints": [{"value": 0.0, "unit": "hour"}, {"value": 5.0, "unit": "hour"}, {"value": 18.0, "unit": "hour"}], "temperatures": [{"value": 30.0, "unit": "celsius"}], "contents": [[{"name": {"label": "IPTG", "sbh_uri": "NO PROGRAM DICTIONARY ENTRY"}, "value": "1", "unit": "mM"}], [{"name": {"label": "Vanillic Acid", "sbh_uri": "NO PROGRAM DICTIONARY ENTRY"}, "value": "1", "unit": "mM"}]]}, {"measurement_type": "PLATE_READER", "file_type": ["CSV"], "replicates": 4, "strains": ["Bacillus subtilis 168 Marburg WT"], "timepoints": [{"value": 0.0, "unit": "hour"}, {"value": 5.0, "unit": "hour"}, {"value": 18.0, "unit": "hour"}], "temperatures": [{"value": 30.0, "unit": "celsius"}], "contents": [[{"name": {"label": "Vanillic Acid", "sbh_uri": "NO PROGRAM DICTIONARY ENTRY"}, "value": "1", "unit": "mM"}], [{"name": {"label": "Cuminic Acid", "sbh_uri": "NO PROGRAM DICTIONARY ENTRY"}, "value": "0.1", "unit": "mM"}]]}]}]}