{"name": "Nick Copy of CP Experimental Request - NovelChassisYeastStates_TimeSeries", "experiment_id": "experiment.tacc.TBD", "challenge_problem": "INTENT_PARSER_TEST", "experiment_reference": "Nick-Copy-of-NovelChassisYeastStates-TimeSeries", "experiment_reference_url": "https://docs.google.com/document/d/1xMqOx9zZ7h2BIxSdWp2Vwi672iZ30N_2oPs8rwGUoTA", "experiment_version": 1, "lab": "Transcriptic", "runs": [{"measurements": [{"measurement_type": "PLATE_READER", "file_type": ["CSV"], "replicates": 12, "strains": ["UWBF_24926", "UWBF_24952", "UWBF_24959", "UWBF_24960", "UWBF_24961", "UWBF_24962", "UWBF_24963"], "timepoints": [{"value": 1.0, "unit": "hour"}, {"value": 2.0, "unit": "hour"}, {"value": 3.0, "unit": "hour"}, {"value": 4.0, "unit": "hour"}, {"value": 5.0, "unit": "hour"}, {"value": 6.0, "unit": "hour"}, {"value": 7.0, "unit": "hour"}, {"value": 8.0, "unit": "hour"}, {"value": 9.0, "unit": "hour"}, {"value": 10.0, "unit": "hour"}, {"value": 11.0, "unit": "hour"}, {"value": 12.0, "unit": "hour"}, {"value": 13.0, "unit": "hour"}, {"value": 14.0, "unit": "hour"}, {"value": 15.0, "unit": "hour"}, {"value": 16.0, "unit": "hour"}, {"value": 17.0, "unit": "hour"}, {"value": 18.0, "unit": "hour"}], "temperatures": [{"value": 30.0, "unit": "celsius"}], "contents": [[{"name": {"label": "Beta-estradiol", "sbh_uri": "NO PROGRAM DICTIONARY ENTRY"}, "value": "0", "unit": "X"}]]}, {"measurement_type": "PLATE_READER", "file_type": ["CSV"], "replicates": 3, "strains": ["UWBF_23970", "UWBF_6390", "UWBF_24864"], "timepoints": [{"value": 1.0, "unit": "hour"}, {"value": 2.0, "unit": "hour"}, {"value": 3.0, "unit": "hour"}, {"value": 4.0, "unit": "hour"}, {"value": 5.0, "unit": "hour"}, {"value": 6.0, "unit": "hour"}, {"value": 7.0, "unit": "hour"}, {"value": 8.0, "unit": "hour"}, {"value": 9.0, "unit": "hour"}, {"value": 10.0, "unit": "hour"}, {"value": 11.0, "unit": "hour"}, {"value": 12.0, "unit": "hour"}, {"value": 13.0, "unit": "hour"}, {"value": 14.0, "unit": "hour"}, {"value": 15.0, "unit": "hour"}, {"value": 16.0, "unit": "hour"}, {"value": 17.0, "unit": "hour"}, {"value": 18.0, "unit": "hour"}], "temperatures": [{"value": 30.0, "unit": "celsius"}], "contents": [[{"name": {"label": "Beta-estradiol", "sbh_uri": "NO PROGRAM DICTIONARY ENTRY"}, "value": "0", "unit": "X"}]]}, {"measurement_type": "PLATE_READER", "file_type": ["CSV"], "replicates": 12, "strains": ["UWBF_24926", "UWBF_24952", "UWBF_24959", "UWBF_24960", "UWBF_24961", "UWBF_24962", "UWBF_24963"], "timepoints": [{"value": 1.0, "unit": "hour"}, {"value": 2.0, "unit": "hour"}, {"value": 3.0, "unit": "hour"}, {"value": 4.0, "unit": "hour"}, {"value": 5.0, "unit": "hour"}, {"value": 6.0, "unit": "hour"}, {"value": 7.0, "unit": "hour"}, {"value": 8.0, "unit": "hour"}, {"value": 9.0, "unit": "hour"}, {"value": 10.0, "unit": "hour"}, {"value": 11.0, "unit": "hour"}, {"value": 12.0, "unit": "hour"}, {"value": 13.0, "unit": "hour"}, {"value": 14.0, "unit": "hour"}, {"value": 15.0, "unit": "hour"}, {"value": 16.0, "unit": "hour"}, {"value": 17.0, "unit": "hour"}, {"value": 18.0, "unit": "hour"}], "temperatures": [{"value": 30.0, "unit": "celsius"}], "contents": [[{"name": {"label": "Beta-estradiol", "sbh_uri": "NO PROGRAM DICTIONARY ENTRY"}, "value": "200", "unit": "nM"}]]}, {"measurement_type": "PLATE_READER", "file_type": ["CSV"], "replicates": 3, "strains": ["UWBF_23970", "UWBF_6390", "UWBF_24864"], "timepoints": [{"value": 1.0, "unit": "hour"}, {"value": 2.0, "unit": "hour"}, {"value": 3.0, "unit": "hour"}, {"value": 4.0, "unit": "hour"}, {"value": 5.0, "unit": "hour"}, {"value": 6.0, "unit": "hour"}, {"value": 7.0, "unit": "hour"}, {"value": 8.0, "unit": "hour"}, {"value": 9.0, "unit": "hour"}, {"value": 10.0, "unit": "hour"}, {"value": 11.0, "unit": "hour"}, {"value": 12.0, "unit": "hour"}, {"value": 13.0, "unit": "hour"}, {"value": 14.0, "unit": "hour"}, {"value": 15.0, "unit": "hour"}, {"value": 16.0, "unit": "hour"}, {"value": 17.0, "unit": "hour"}, {"value": 18.0, "unit": "hour"}], "temperatures": [{"value": 30.0, "unit": "celsius"}], "contents": [[{"name": {"label": "Beta-estradiol", "sbh_uri": "NO PROGRAM DICTIONARY ENTRY"}, "value": "200", "unit": "nM"}]]}, {"measurement_type": "PLATE_READER", "file_type": ["CSV"], "replicates": 12, "strains": ["UWBF_24926", "UWBF_24952", "UWBF_24959", "UWBF_24960", "UWBF_24961", "UWBF_24962", "UWBF_24963"], "timepoints": [{"value": 1.0, "unit": "hour"}, {"value": 2.0, "unit": "hour"}, {"value": 3.0, "unit": "hour"}, {"value": 4.0, "unit": "hour"}, {"value": 5.0, "unit": "hour"}, {"value": 6.0, "unit": "hour"}, {"value": 7.0, "unit": "hour"}, {"value": 8.0, "unit": "hour"}, {"value": 9.0, "unit": "hour"}, {"value": 10.0, "unit": "hour"}, {"value": 11.0, "unit": "hour"}, {"value": 12.0, "unit": "hour"}, {"value": 13.0, "unit": "hour"}, {"value": 14.0, "unit": "hour"}, {"value": 15.0, "unit": "hour"}, {"value": 16.0, "unit": "hour"}, {"value": 17.0, "unit": "hour"}, {"value": 18.0, "unit": "hour"}], "temperatures": [{"value": 35.0, "unit": "celsius"}], "contents": [[{"name": {"label": "Beta-estradiol", "sbh_uri": "NO PROGRAM DICTIONARY ENTRY"}, "value": "0", "unit": "X"}]]}, {"measurement_type": "PLATE_READER", "file_type": ["CSV"], "replicates": 3, "strains": ["UWBF_23970", "UWBF_6390", "UWBF_24864"], "timepoints": [{"value": 1.0, "unit": "hour"}, {"value": 2.0, "unit": "hour"}, {"value": 3.0, "unit": "hour"}, {"value": 4.0, "unit": "hour"}, {"value": 5.0, "unit": "hour"}, {"value": 6.0, "unit": "hour"}, {"value": 7.0, "unit": "hour"}, {"value": 8.0, "unit": "hour"}, {"value": 9.0, "unit": "hour"}, {"value": 10.0, "unit": "hour"}, {"value": 11.0, "unit": "hour"}, {"value": 12.0, "unit": "hour"}, {"value": 13.0, "unit": "hour"}, {"value": 14.0, "unit": "hour"}, {"value": 15.0, "unit": "hour"}, {"value": 16.0, "unit": "hour"}, {"value": 17.0, "unit": "hour"}, {"value": 18.0, "unit": "hour"}], "temperatures": [{"value": 35.0, "unit": "celsius"}]}, {"measurement_type": "PLATE_READER", "file_type": ["CSV"], "replicates": 12, "strains": ["UWBF_24926", "UWBF_24952", "UWBF_24959", "UWBF_24960", "UWBF_24961", "UWBF_24962", "UWBF_24963"], "timepoints": [{"value": 1.0, "unit": "hour"}, {"value": 2.0, "unit": "hour"}, {"value": 3.0, "unit": "hour"}, {"value": 4.0, "unit": "hour"}, {"value": 5.0, "unit": "hour"}, {"value": 6.0, "unit": "hour"}, {"value": 7.0, "unit": "hour"}, {"value": 8.0, "unit": "hour"}, {"value": 9.0, "unit": "hour"}, {"value": 10.0, "unit": "hour"}, {"value": 11.0, "unit": "hour"}, {"value": 12.0, "unit": "hour"}, {"value": 13.0, "unit": "hour"}, {"value": 14.0, "unit": "hour"}, {"value": 15.0, "unit": "hour"}, {"value": 16.0, "unit": "hour"}, {"value": 17.0, "unit": "hour"}, {"value": 18.0, "unit": "hour"}], "temperatures": [{"value": 35.0, "unit": "celsius"}], "contents": [[{"name": {"label": "Beta-estradiol", "sbh_uri": "NO PROGRAM DICTIONARY ENTRY"}, "value": "200", "unit": "nM"}]]}, {"measurement_type": "PLATE_READER", "file_type": ["CSV"], "replicates": 3, "strains": ["UWBF_23970", "UWBF_6390", "UWBF_24864"], "timepoints": [{"value": 1.0, "unit": "hour"}, {"value": 2.0, "unit": "hour"}, {"value": 3.0, "unit": "hour"}, {"value": 4.0, "unit": "hour"}, {"value": 5.0, "unit": "hour"}, {"value": 6.0, "unit": "hour"}, {"value": 7.0, "unit": "hour"}, {"value": 8.0, "unit": "hour"}, {"value": 9.0, "unit": "hour"}, {"value": 10.0, "unit": "hour"}, {"value": 11.0, "unit": "hour"}, {"value": 12.0, "unit": "hour"}, {"value": 13.0, "unit": "hour"}, {"value": 14.0, "unit": "hour"}, {"value": 15.0, "unit": "hour"}, {"value": 16.0, "unit": "hour"}, {"value": 17.0, "unit": "hour"}, {"value": 18.0, "unit": "hour"}], "temperatures": [{"value": 35.0, "unit": "celsius"}], "contents": [[{"name": {"label": "Beta-estradiol", "sbh_uri": "NO PROGRAM DICTIONARY ENTRY"}, "value": "200", "unit": "nM"}]]}]}], "doc_revision_id": "1978"}