{"name": "IntentParserCopy_of_CP_Plan_Requirements_B_subtilis_inducer_RNASeq", "experiment_id": "experiment.tacc.TBD", "challenge_problem": "INTENT_PARSER_TEST", "experiment_reference": "IntentParserCopy-of-Plan-Requirements-B-subtilis-inducer-RNASeq", "experiment_reference_url": "https://docs.google.com/document/d/1TeJpHmKOSm8Lhc-7V0Csl0x8fPL83lFCZV16HXFge80", "experiment_version": 1, "lab": "Ginkgo", "runs": [{"measurements": [{"measurement_type": "RNA_SEQ", "file_type": ["FASTQ", "FASTQ"], "replicates": 4, "strains": ["Bacillus subtilis 168 Marburg"], "timepoints": [{"value": 0.0, "unit": "hour"}, {"value": 5.0, "unit": "hour"}, {"value": 18.0, "unit": "hour"}], "temperatures": [{"value": 30.0, "unit": "celsius"}]}, {"measurement_type": "RNA_SEQ", "file_type": ["FASTQ", "FASTQ"], "replicates": 4, "strains": ["Bacillus subtilis 168 Marburg"], "timepoints": [{"value": 5.0, "unit": "hour"}, {"value": 18.0, "unit": "hour"}], "temperatures": [{"value": 30.0, "unit": "celsius"}], "contents": [[{"name": {"label": "IPTG", "sbh_uri": "https://hub.sd2e.org/user/sd2e/design/IPTG/1"}, "value": "0.001", "unit": "M"}]]}, {"measurement_type": "RNA_SEQ", "file_type": ["FASTQ", "FASTQ"], "replicates": 4, "strains": ["Bacillus subtilis 168 Marburg"], "timepoints": [{"value": 5.0, "unit": "hour"}, {"value": 18.0, "unit": "hour"}], "temperatures": [{"value": 30.0, "unit": "celsius"}], "contents": [[{"name": {"label": "Vanillic Acid", "sbh_uri": "https://hub.sd2e.org/user/sd2e/design/Vanillic0x20Acid/1"}, "value": "0.001", "unit": "M"}]]}, {"measurement_type": "RNA_SEQ", "file_type": ["FASTQ", "FASTQ"], "replicates": 4, "strains": ["Bacillus subtilis 168 Marburg"], "timepoints": [{"value": 5.0, "unit": "hour"}, {"value": 18.0, "unit": "hour"}], "temperatures": [{"value": 30.0, "unit": "celsius"}], "contents": [[{"name": {"label": "Cuminic Acid", "sbh_uri": "https://hub.sd2e.org/user/sd2e/design/Cuminic0x20Acid/1"}, "value": "0.0001", "unit": "M"}]]}, {"measurement_type": "RNA_SEQ", "file_type": ["FASTQ", "FASTQ"], "replicates": 4, "strains": ["Bacillus subtilis 168 Marburg"], "timepoints": [{"value": 5.0, "unit": "hour"}, {"value": 18.0, "unit": "hour"}], "temperatures": [{"value": 30.0, "unit": "celsius"}], "contents": [[{"name": {"label": "Xylose", "sbh_uri": "https://hub.sd2e.org/user/sd2e/design/Xylose/1"}, "value": "1", "unit": "%"}]]}, {"measurement_type": "RNA_SEQ", "file_type": ["FASTQ", "FASTQ"], "replicates": 4, "strains": ["Bacillus subtilis 168 Marburg"], "timepoints": [{"value": 5.0, "unit": "hour"}, {"value": 18.0, "unit": "hour"}], "temperatures": [{"value": 30.0, "unit": "celsius"}], "contents": [[{"name": {"label": "IPTG", "sbh_uri": "https://hub.sd2e.org/user/sd2e/design/IPTG/1"}, "value": "0.001", "unit": "M"}], [{"name": {"label": "Vanillic Acid", "sbh_uri": "https://hub.sd2e.org/user/sd2e/design/Vanillic0x20Acid/1"}, "value": "0.001", "unit": "M"}]]}, {"measurement_type": "RNA_SEQ", "file_type": ["FASTQ", "FASTQ"], "replicates": 4, "strains": ["Bacillus subtilis 168 Marburg"], "timepoints": [{"value": 5.0, "unit": "hour"}, {"value": 18.0, "unit": "hour"}], "temperatures": [{"value": 30.0, "unit": "celsius"}], "contents": [[{"name": {"label": "IPTG", "sbh_uri": "https://hub.sd2e.org/user/sd2e/design/IPTG/1"}, "value": "0.001", "unit": "M"}], [{"name": {"label": "Cuminic Acid", "sbh_uri": "https://hub.sd2e.org/user/sd2e/design/Cuminic0x20Acid/1"}, "value": "0.0001", "unit": "M"}]]}, {"measurement_type": "PLATE_READER", "file_type": ["PLAIN", "CSV"], "replicates": 4, "strains": ["Bacillus subtilis 168 Marburg"], "timepoints": [{"value": 0.0, "unit": "hour"}, {"value": 5.0, "unit": "hour"}, {"value": 18.0, "unit": "hour"}], "temperatures": [{"value": 30.0, "unit": "celsius"}]}, {"measurement_type": "PLATE_READER", "file_type": ["PLAIN", "CSV"], "replicates": 4, "strains": ["Bacillus subtilis 168 Marburg"], "timepoints": [{"value": 0.0, "unit": "hour"}, {"value": 5.0, "unit": "hour"}, {"value": 18.0, "unit": "hour"}], "temperatures": [{"value": 30.0, "unit": "celsius"}], "contents": [[{"name": {"label": "IPTG", "sbh_uri": "https://hub.sd2e.org/user/sd2e/design/IPTG/1"}, "value": "0.001", "unit": "M"}]]}, {"measurement_type": "PLATE_READER", "file_type": ["PLAIN", "CSV"], "replicates": 4, "strains": ["Bacillus subtilis 168 Marburg"], "timepoints": [{"value": 0.0, "unit": "hour"}, {"value": 5.0, "unit": "hour"}, {"value": 18.0, "unit": "hour"}], "temperatures": [{"value": 30.0, "unit": "celsius"}], "contents": [[{"name": {"label": "Vanillic Acid", "sbh_uri": "https://hub.sd2e.org/user/sd2e/design/Vanillic0x20Acid/1"}, "value": "0.001", "unit": "M"}]]}, {"measurement_type": "PLATE_READER", "file_type": ["PLAIN", "CSV"], "replicates": 4, "strains": ["Bacillus subtilis 168 Marburg"], "timepoints": [{"value": 0.0, "unit": "hour"}, {"value": 5.0, "unit": "hour"}, {"value": 18.0, "unit": "hour"}], "temperatures": [{"value": 30.0, "unit": "celsius"}], "contents": [[{"name": {"label": "Cuminic Acid", "sbh_uri": "https://hub.sd2e.org/user/sd2e/design/Cuminic0x20Acid/1"}, "value": "0.0001", "unit": "M"}]]}, {"measurement_type": "PLATE_READER", "file_type": ["PLAIN", "CSV"], "replicates": 4, "strains": ["Bacillus subtilis 168 Marburg"], "timepoints": [{"value": 0.0, "unit": "hour"}, {"value": 5.0, "unit": "hour"}, {"value": 18.0, "unit": "hour"}], "temperatures": [{"value": 30.0, "unit": "celsius"}], "contents": [[{"name": {"label": "Xylose", "sbh_uri": "https://hub.sd2e.org/user/sd2e/design/Xylose/1"}, "value": "1", "unit": "%"}]]}, {"measurement_type": "PLATE_READER", "file_type": ["PLAIN", "CSV"], "replicates": 4, "strains": ["Bacillus subtilis 168 Marburg"], "timepoints": [{"value": 0.0, "unit": "hour"}, {"value": 5.0, "unit": "hour"}, {"value": 18.0, "unit": "hour"}], "temperatures": [{"value": 30.0, "unit": "celsius"}], "contents": [[{"name": {"label": "IPTG", "sbh_uri": "https://hub.sd2e.org/user/sd2e/design/IPTG/1"}, "value": "0.001", "unit": "M"}], [{"name": {"label": "Vanillic Acid", "sbh_uri": "https://hub.sd2e.org/user/sd2e/design/Vanillic0x20Acid/1"}, "value": "0.001", "unit": "M"}]]}, {"measurement_type": "PLATE_READER", "file_type": ["PLAIN", "CSV"], "replicates": 4, "strains": ["Bacillus subtilis 168 Marburg"], "timepoints": [{"value": 0.0, "unit": "hour"}, {"value": 5.0, "unit": "hour"}, {"value": 18.0, "unit": "hour"}], "temperatures": [{"value": 30.0, "unit": "celsius"}], "contents": [[{"name": {"label": "IPTG", "sbh_uri": "https://hub.sd2e.org/user/sd2e/design/IPTG/1"}, "value": "0.001", "unit": "M"}], [{"name": {"label": "Cuminic Acid", "sbh_uri": "https://hub.sd2e.org/user/sd2e/design/Cuminic0x20Acid/1"}, "value": "0.0001", "unit": "M"}]]}]}]}